 PhysXCommon_64

 Timestamp is 60ac14e6 (Mon May 24 17:04:38 2021)

 Preferred load address is 0000000180000000

 Start         Length     Name                   Class
 0001:00000000 000028c0H .text$di                CODE
 0001:000028c0 001175e0H .text$mn                CODE
 0001:00119ea0 00000036H .text$mn$00             CODE
 0001:00119ed6 00000092H .text$x                 CODE
 0002:00000000 00000188H .idata$5                DATA
 0002:00000188 00000028H .00cfg                  DATA
 0002:000001b0 00000008H .CRT$XCA                DATA
 0002:000001b8 00001428H .CRT$XCU                DATA
 0002:000015e0 00000008H .CRT$XCZ                DATA
 0002:000015e8 00000008H .CRT$XIA                DATA
 0002:000015f0 00000008H .CRT$XIZ                DATA
 0002:000015f8 00000008H .CRT$XPA                DATA
 0002:00001600 00000008H .CRT$XPZ                DATA
 0002:00001608 00000008H .CRT$XTA                DATA
 0002:00001610 00000010H .CRT$XTZ                DATA
 0002:00001618 00000000H .gehcont$y              DATA
 0002:00001618 00000000H .gfids$y                DATA
 0002:00001620 000040e0H .rdata                  DATA
 0002:00005700 00000000H .rdata$CastGuardVftablesA DATA
 0002:00005700 00000000H .rdata$CastGuardVftablesC DATA
 0002:00005700 00000074H .rdata$r                DATA
 0002:00005774 000003b4H .rdata$zzzdbg           DATA
 0002:00005b28 00000008H .rtc$IAA                DATA
 0002:00005b30 00000008H .rtc$IZZ                DATA
 0002:00005b38 00000008H .rtc$TAA                DATA
 0002:00005b40 00000008H .rtc$TZZ                DATA
 0002:00005b48 0000b690H .xdata                  DATA
 0002:000111d8 00000020H .didat$2                DATA
 0002:000111f8 00000020H .didat$3                DATA
 0002:00011218 00000088H .didat$4                DATA
 0002:000112a0 00000318H .didat$6                DATA
 0002:000115b8 00000088H .didat$7                DATA
 0002:00011640 0000a0dcH .edata                  DATA
 0002:0001b71c 00000078H .idata$2                DATA
 0002:0001b794 00000014H .idata$3                DATA
 0002:0001b7a8 00000188H .idata$4                DATA
 0002:0001b930 000003daH .idata$6                DATA
 0003:00000000 00000a70H .data                   DATA
 0003:00000a70 00000578H .data$r                 DATA
 0003:00000fe8 00000020H .data$rs                DATA
 0003:00001008 00000088H .didat$5                DATA
 0003:00001090 000029b0H .bss                    DATA
 0004:00000000 00005a54H .pdata                  DATA
 0005:00000000 00002208H _RDATA                  DATA
 0006:00000000 000000a0H .rsrc$01                DATA
 0006:000000a0 000004b0H .rsrc$02                DATA

  Address         Publics by Value              Rva+Base               Lib:Object

 0000:00000000       __guard_longjmp_table      0000000000000000     <absolute>
 0000:00000000       __x64_code_ranges_to_entry_points 0000000000000000     <absolute>
 0000:00000000       __guard_iat_count          0000000000000000     <absolute>
 0000:00000000       __AbsoluteZero             0000000000000000     <absolute>
 0000:00000000       __guard_fids_count         0000000000000000     <absolute>
 0000:00000000       __guard_fids_table         0000000000000000     <absolute>
 0000:00000000       __guard_longjmp_count      0000000000000000     <absolute>
 0000:00000000       __arm64x_extra_rfe_table   0000000000000000     <absolute>
 0000:00000000       __hybrid_code_map          0000000000000000     <absolute>
 0000:00000000       __volatile_metadata        0000000000000000     <absolute>
 0000:00000000       __arm64x_extra_rfe_table_size 0000000000000000     <absolute>
 0000:00000000       ___safe_se_handler_count   0000000000000000     <absolute>
 0000:00000000       __guard_check_icall_a64n_fptr 0000000000000000     <absolute>
 0000:00000000       ___safe_se_handler_table   0000000000000000     <absolute>
 0000:00000000       __arm64x_redirection_metadata_count 0000000000000000     <absolute>
 0000:00000000       __arm64x_redirection_metadata 0000000000000000     <absolute>
 0000:00000000       __enclave_config           0000000000000000     <absolute>
 0000:00000000       __x64_code_ranges_to_entry_points_count 0000000000000000     <absolute>
 0000:00000000       __dynamic_value_reloc_table 0000000000000000     <absolute>
 0000:00000000       __hybrid_auxiliary_iat_copy 0000000000000000     <absolute>
 0000:00000000       __guard_eh_cont_table      0000000000000000     <absolute>
 0000:00000000       __guard_eh_cont_count      0000000000000000     <absolute>
 0000:00000000       __arm64x_native_entrypoint 0000000000000000     <absolute>
 0000:00000000       __hybrid_auxiliary_iat     0000000000000000     <absolute>
 0000:00000000       __guard_iat_table          0000000000000000     <absolute>
 0000:00000000       __hybrid_code_map_count    0000000000000000     <absolute>
 0000:00000100       __guard_flags              0000000000000100     <absolute>
 0000:00000000       __ImageBase                0000000180000000     <linker-defined>
 0001:000028c0       ??_ECollection@Cm@physx@@UEAAPEAXI@Z 00000001800038c0 f i CmCollection.obj
 0001:000028c0       ??_GCollection@Cm@physx@@UEAAPEAXI@Z 00000001800038c0 f i CmCollection.obj
 0001:00002970       ??_GPxCollection@physx@@MEAAPEAXI@Z 0000000180003970 f i CmCollection.obj
 0001:00002970       ??_EPxCollection@physx@@MEAAPEAXI@Z 0000000180003970 f i CmCollection.obj
 0001:000029a0       ?PxCreateCollection@@YAPEAVPxCollection@physx@@XZ 00000001800039a0 f   CmCollection.obj
 0001:00002aa0       ?add@Collection@Cm@physx@@UEAAXAEAVPxBase@3@_K@Z 0000000180003aa0 f   CmCollection.obj
 0001:00002b90       ?add@Collection@Cm@physx@@UEAAXAEAVPxCollection@3@@Z 0000000180003b90 f   CmCollection.obj
 0001:00002d30       ?addId@Collection@Cm@physx@@UEAAXAEAVPxBase@3@_K@Z 0000000180003d30 f   CmCollection.obj
 0001:00002e60       ?contains@Collection@Cm@physx@@UEBA_NAEAVPxBase@3@@Z 0000000180003e60 f   CmCollection.obj
 0001:00002f10       ?create@?$HashBase@V?$Pair@$$CB_KPEAVPxBase@physx@@@shdfnd@physx@@_KU?$Hash@_K@23@UGetKey@?$HashMapBase@_KPEAVPxBase@physx@@U?$Hash@_K@shdfnd@2@VNonTrackingAllocator@42@@internal@23@VNonTrackingAllocator@23@$00@internal@shdfnd@physx@@QEAAPEAV?$Pair@$$CB_KPEAVPxBase@physx@@@34@AEB_KAEA_N@Z 0000000180003f10 f i CmCollection.obj
 0001:00002f10       ?create@?$HashBase@V?$Pair@QEAVPxBase@physx@@_K@shdfnd@physx@@PEAVPxBase@3@U?$Hash@PEAVPxBase@physx@@@23@UGetKey@?$HashMapBase@PEAVPxBase@physx@@_KU?$Hash@PEAVPxBase@physx@@@shdfnd@2@VNonTrackingAllocator@42@@internal@23@VNonTrackingAllocator@23@$00@internal@shdfnd@physx@@QEAAPEAV?$Pair@QEAVPxBase@physx@@_K@34@AEBQEAVPxBase@4@AEA_N@Z 0000000180003f10 f i CmCollection.obj
 0001:000030b0       ?erase@?$HashBase@V?$Pair@QEAVPxBase@physx@@_K@shdfnd@physx@@PEAVPxBase@3@U?$Hash@PEAVPxBase@physx@@@23@UGetKey@?$HashMapBase@PEAVPxBase@physx@@_KU?$Hash@PEAVPxBase@physx@@@shdfnd@2@VNonTrackingAllocator@42@@internal@23@VNonTrackingAllocator@23@$00@internal@shdfnd@physx@@QEAA_NAEBQEAVPxBase@4@@Z 00000001800040b0 f i CmCollection.obj
 0001:000030b0       ?erase@?$HashBase@V?$Pair@$$CB_KPEAVPxBase@physx@@@shdfnd@physx@@_KU?$Hash@_K@23@UGetKey@?$HashMapBase@_KPEAVPxBase@physx@@U?$Hash@_K@shdfnd@2@VNonTrackingAllocator@42@@internal@23@VNonTrackingAllocator@23@$00@internal@shdfnd@physx@@QEAA_NAEB_K@Z 00000001800040b0 f i CmCollection.obj
 0001:00003250       ?find@?$HashMapBase@_KPEAVPxBase@physx@@U?$Hash@_K@shdfnd@2@VNonTrackingAllocator@42@@internal@shdfnd@physx@@QEBAPEBV?$Pair@$$CB_KPEAVPxBase@physx@@@34@AEB_K@Z 0000000180004250 f i CmCollection.obj
 0001:000032f0       ?find@Collection@Cm@physx@@UEBAPEAVPxBase@3@_K@Z 00000001800042f0 f   CmCollection.obj
 0001:00003320       ?getId@Collection@Cm@physx@@UEBA_KAEBVPxBase@3@@Z 0000000180004320 f   CmCollection.obj
 0001:000033d0       ?getIds@Collection@Cm@physx@@UEBAIPEA_KII@Z 00000001800043d0 f   CmCollection.obj
 0001:00003490       ?getNbColumns@HeightField@Gu@physx@@UEBAIXZ 0000000180004490 f   GuBounds.obj
 0001:00003490       ?getNbIds@Collection@Cm@physx@@UEBAIXZ 0000000180004490 f   CmCollection.obj
 0001:000034a0       ?getNbObjects@Collection@Cm@physx@@UEBAIXZ 00000001800044a0 f   CmCollection.obj
 0001:000034b0       ?getObject@Collection@Cm@physx@@UEBAAEAVPxBase@3@I@Z 00000001800044b0 f   CmCollection.obj
 0001:000034c0       ?getObjects@Collection@Cm@physx@@UEBAIPEAPEAVPxBase@3@II@Z 00000001800044c0 f   CmCollection.obj
 0001:00003510       ?release@Collection@Cm@physx@@UEAAXXZ 0000000180004510 f i CmCollection.obj
 0001:00003530       ?remove@Collection@Cm@physx@@UEAAXAEAVPxBase@3@@Z 0000000180004530 f   CmCollection.obj
 0001:00003620       ?remove@Collection@Cm@physx@@UEAAXAEAVPxCollection@3@@Z 0000000180004620 f   CmCollection.obj
 0001:00003730       ?removeId@Collection@Cm@physx@@UEAAX_K@Z 0000000180004730 f   CmCollection.obj
 0001:000037b0       ?reserveInternal@?$HashBase@V?$Pair@$$CB_KPEAVPxBase@physx@@@shdfnd@physx@@_KU?$Hash@_K@23@UGetKey@?$HashMapBase@_KPEAVPxBase@physx@@U?$Hash@_K@shdfnd@2@VNonTrackingAllocator@42@@internal@23@VNonTrackingAllocator@23@$00@internal@shdfnd@physx@@AEAAXI@Z 00000001800047b0 f i CmCollection.obj
 0001:000037b0       ?reserveInternal@?$HashBase@V?$Pair@QEAVPxBase@physx@@_K@shdfnd@physx@@PEAVPxBase@3@U?$Hash@PEAVPxBase@physx@@@23@UGetKey@?$HashMapBase@PEAVPxBase@physx@@_KU?$Hash@PEAVPxBase@physx@@@shdfnd@2@VNonTrackingAllocator@42@@internal@23@VNonTrackingAllocator@23@$00@internal@shdfnd@physx@@AEAAXI@Z 00000001800047b0 f i CmCollection.obj
 0001:000039a0       ??0PtrTable@Cm@physx@@QEAA@W4PxEMPTY@2@@Z 00000001800049a0 f i CmPtrTable.obj
 0001:000039c0       ??0PtrTable@Cm@physx@@QEAA@XZ 00000001800049c0 f   CmPtrTable.obj
 0001:000039d0       _guard_check_icall_nop     00000001800049d0 f   MSVCRT:guard_support.obj
 0001:000039d0       ?requiresObjects@TriangleMesh@Gu@physx@@UEAAXAEAVPxProcessPxBaseCallback@3@@Z 00000001800049d0 f   GuTriangleMesh.obj
 0001:000039d0       ??1AABBTreeBuildNode@Gu@physx@@QEAA@XZ 00000001800049d0 f   GuAABBTreeBuild.obj
 0001:000039d0       ??1MaterialIndicesStruct@physx@@QEAA@XZ 00000001800049d0 f   GuGeometryUnion.obj
 0001:000039d0       ??1Box@Gu@physx@@QEAA@XZ   00000001800049d0 f   GuBounds.obj
 0001:000039d0       ?profile@Callback@RTree@Gu@physx@@UEAAXXZ 00000001800049d0 f   GuMidphaseRTree.obj
 0001:000039d0       ??1PtrTable@Cm@physx@@QEAA@XZ 00000001800049d0 f   CmPtrTable.obj
 0001:000039d0       ??1HeightFieldData@Gu@physx@@QEAA@XZ 00000001800049d0 f   GuBounds.obj
 0001:000039d0       ?requiresObjects@HeightField@Gu@physx@@UEAAXAEAVPxProcessPxBaseCallback@3@@Z 00000001800049d0 f   GuHeightField.obj
 0001:000039d0       ?requiresObjects@ConvexMesh@Gu@physx@@UEAAXAEAVPxProcessPxBaseCallback@3@@Z 00000001800049d0 f   GuConvexMesh.obj
 0001:000039e0       ??4PtrTable@Cm@physx@@QEAAAEAU012@AEBU012@@Z 00000001800049e0 f i CmPtrTable.obj
 0001:000039e0       ??4MaterialIndicesStruct@physx@@QEAAAEAU01@AEBU01@@Z 00000001800049e0 f i GuGeometryUnion.obj
 0001:000039e0       ??4CmModuleUpdateLoader@Cm@physx@@QEAAAEAV012@AEBV012@@Z 00000001800049e0 f i CmWindowsModuleUpdateLoader.obj
 0001:000039f0       ?add@PtrTable@Cm@physx@@QEAAXPEAXAEAVPtrTableStorageManager@23@@Z 00000001800049f0 f   CmPtrTable.obj
 0001:00003ab0       ?clear@PtrTable@Cm@physx@@QEAAXAEAVPtrTableStorageManager@23@@Z 0000000180004ab0 f   CmPtrTable.obj
 0001:00003b30       ?exportExtraData@PtrTable@Cm@physx@@QEAAXAEAVPxSerializationContext@3@@Z 0000000180004b30 f   CmPtrTable.obj
 0001:00003b80       ?find@PtrTable@Cm@physx@@QEBAIPEBX@Z 0000000180004b80 f   CmPtrTable.obj
 0001:00003bb0       ?getBinaryMetaData@PtrTable@Cm@physx@@SAXAEAVPxOutputStream@3@@Z 0000000180004bb0 f   CmPtrTable.obj
 0001:00003d60       ?getCount@PtrTable@Cm@physx@@QEBAIXZ 0000000180004d60 f i CmPtrTable.obj
 0001:00003d70       ?getPtrs@PtrTable@Cm@physx@@QEBAPEBQEAXXZ 0000000180004d70 f i CmPtrTable.obj
 0001:00003d70       ?getPtrs@PtrTable@Cm@physx@@QEAAPEAPEAXXZ 0000000180004d70 f i CmPtrTable.obj
 0001:00003d80       ?importExtraData@PtrTable@Cm@physx@@QEAAXAEAVPxDeserializationContext@3@@Z 0000000180004d80 f   CmPtrTable.obj
 0001:00003db0       ?realloc@PtrTable@Cm@physx@@AEAAXIIAEAVPtrTableStorageManager@23@@Z 0000000180004db0 f   CmPtrTable.obj
 0001:00003e40       ?replaceWithLast@PtrTable@Cm@physx@@QEAAXIAEAVPtrTableStorageManager@23@@Z 0000000180004e40 f   CmPtrTable.obj
 0001:00003f40       ??0RadixSort@Cm@physx@@QEAA@XZ 0000000180004f40 f   CmRadixSort.obj
 0001:00003f70       ??1RadixSort@Cm@physx@@UEAA@XZ 0000000180004f70 f   CmRadixSort.obj
 0001:00003f80       ??_ERadixSort@Cm@physx@@UEAAPEAXI@Z 0000000180004f80 f i CmRadixSort.obj
 0001:00004010       ?GetNbHits@RadixSort@Cm@physx@@QEBAIXZ 0000000180005010 f i CmRadixSort.obj
 0001:00004020       ?GetNbTotalCalls@RadixSort@Cm@physx@@QEBAIXZ 0000000180005020 f i CmRadixSort.obj
 0001:00004030       ?GetRanks@RadixSort@Cm@physx@@QEBAPEBIXZ 0000000180005030 f i CmRadixSort.obj
 0001:00004030       ?getHeightField@HeightFieldUtil@Gu@physx@@QEBAAEBVHeightField@23@XZ 0000000180005030 f i GuCCTSweepTests.obj
 0001:00004040       ?GetRecyclable@RadixSort@Cm@physx@@QEBAPEAIXZ 0000000180005040 f i CmRadixSort.obj
 0001:00004040       ?getHeightFieldGeometry@HeightFieldUtil@Gu@physx@@QEBAAEBVPxHeightFieldGeometry@3@XZ 0000000180005040 f i GuCCTSweepTests.obj
 0001:00004040       ?getPos@AABBTreeBuildNode@Gu@physx@@QEBAPEBV123@XZ 0000000180005040 f i GuAABBTreeBuild.obj
 0001:00004040       ?GetValencies@BigConvexData@physx@@QEBAPEBUValency@Gu@2@XZ 0000000180005040 f i GuMetaData.obj
 0001:00004050       ?SetBuffers@RadixSort@Cm@physx@@QEAA_NPEAI00PEAPEAI@Z 0000000180005050 f   CmRadixSort.obj
 0001:00004090       ?Sort@RadixSort@Cm@physx@@QEAAAEAV123@PEBIIW4RadixHint@23@@Z 0000000180005090 f   CmRadixSort.obj
 0001:000046e0       ?Sort@RadixSort@Cm@physx@@QEAAAEAV123@PEBMI@Z 00000001800056e0 f   CmRadixSort.obj
 0001:00004e40       ?invalidateRanks@RadixSort@Cm@physx@@QEAAXXZ 0000000180005e40 f i CmRadixSort.obj
 0001:00004e50       ??0RadixSortBuffered@Cm@physx@@QEAA@XZ 0000000180005e50 f   CmRadixSortBuffered.obj
 0001:00004e80       ??1RadixSortBuffered@Cm@physx@@UEAA@XZ 0000000180005e80 f   CmRadixSortBuffered.obj
 0001:00004eb0       ??_ERadixSortBuffered@Cm@physx@@UEAAPEAXI@Z 0000000180005eb0 f i CmRadixSortBuffered.obj
 0001:00004fe0       ?CheckResize@RadixSortBuffered@Cm@physx@@AEAAXI@Z 0000000180005fe0 f i CmRadixSortBuffered.obj
 0001:00005020       ?Resize@RadixSortBuffered@Cm@physx@@AEAA_NI@Z 0000000180006020 f   CmRadixSortBuffered.obj
 0001:00005110       ?Sort@RadixSortBuffered@Cm@physx@@QEAAAEAV123@PEBIIW4RadixHint@23@@Z 0000000180006110 f   CmRadixSortBuffered.obj
 0001:000051b0       ?Sort@RadixSortBuffered@Cm@physx@@QEAAAEAV123@PEBMI@Z 00000001800061b0 f   CmRadixSortBuffered.obj
 0001:00005240       ?reset@RadixSortBuffered@Cm@physx@@QEAAXXZ 0000000180006240 f   CmRadixSortBuffered.obj
 0001:000052c0       ??0DebugText@Cm@physx@@QEAA@$$QEAU012@@Z 00000001800062c0 f i CmRenderOutput.obj
 0001:000052c0       ??0DebugText@Cm@physx@@QEAA@AEBU012@@Z 00000001800062c0 f i CmRenderOutput.obj
 0001:000053a0       ??0DebugText@Cm@physx@@QEAA@AEBVPxVec3@2@MPEBDZZ 00000001800063a0 f   CmRenderOutput.obj
 0001:00005400       ??0RenderOutput@Cm@physx@@QEAA@AEAVRenderBuffer@12@@Z 0000000180006400 f i CmRenderOutput.obj
 0001:00005450       ??0RenderOutput@Cm@physx@@QEAA@AEBV012@@Z 0000000180006450 f i CmRenderOutput.obj
 0001:000054f0       ??4DebugText@Cm@physx@@QEAAAEAU012@AEBU012@@Z 00000001800064f0 f i CmRenderOutput.obj
 0001:000054f0       ??4DebugText@Cm@physx@@QEAAAEAU012@$$QEAU012@@Z 00000001800064f0 f i CmRenderOutput.obj
 0001:00005620       ??6Cm@physx@@YAAEAVRenderOutput@01@AEAV201@AEBUDebugArc@01@@Z 0000000180006620 f   CmRenderOutput.obj
 0001:00005720       ??6Cm@physx@@YAAEAVRenderOutput@01@AEAV201@AEBUDebugArrow@01@@Z 0000000180006720 f   CmRenderOutput.obj
 0001:00005b10       ??6Cm@physx@@YAAEAVRenderOutput@01@AEAV201@AEBUDebugBasis@01@@Z 0000000180006b10 f   CmRenderOutput.obj
 0001:00005c10       ??6Cm@physx@@YAAEAVRenderOutput@01@AEAV201@AEBUDebugBox@01@@Z 0000000180006c10 f   CmRenderOutput.obj
 0001:00006110       ??6Cm@physx@@YAAEAVRenderOutput@01@AEAV201@AEBUDebugCircle@01@@Z 0000000180007110 f   CmRenderOutput.obj
 0001:000061f0       ??6RenderOutput@Cm@physx@@QEAAAEAV012@AEBUDebugText@12@@Z 00000001800071f0 f   CmRenderOutput.obj
 0001:00006400       ??6RenderOutput@Cm@physx@@QEAAAEAV012@AEBVPxMat44@2@@Z 0000000180007400 f   CmRenderOutput.obj
 0001:00006470       ??6RenderOutput@Cm@physx@@QEAAAEAV012@AEBVPxTransform@2@@Z 0000000180007470 f   CmRenderOutput.obj
 0001:000065f0       ??6RenderOutput@Cm@physx@@QEAAAEAV012@I@Z 00000001800075f0 f   CmRenderOutput.obj
 0001:00006600       ??6RenderOutput@Cm@physx@@QEAAAEAV012@VPxVec3@2@@Z 0000000180007600 f   CmRenderOutput.obj
 0001:00006b50       ??6RenderOutput@Cm@physx@@QEAAAEAV012@W4Primitive@012@@Z 0000000180007b50 f   CmRenderOutput.obj
 0001:00006b60       ?allocate@?$Array@DV?$ReflectionAllocator@D@shdfnd@physx@@@shdfnd@physx@@IEAAPEADI@Z 0000000180007b60 f i CmRenderOutput.obj
 0001:00006bf0       ?allocate@?$Array@UPxDebugLine@physx@@V?$ReflectionAllocator@UPxDebugLine@physx@@@shdfnd@2@@shdfnd@physx@@IEAAPEAUPxDebugLine@3@I@Z 0000000180007bf0 f i CmRenderOutput.obj
 0001:00006c90       ?allocate@?$Array@UPxDebugPoint@physx@@V?$ReflectionAllocator@UPxDebugPoint@physx@@@shdfnd@2@@shdfnd@physx@@IEAAPEAUPxDebugPoint@3@I@Z 0000000180007c90 f i CmRenderOutput.obj
 0001:00006d30       ?allocate@?$Array@UPxDebugText@physx@@V?$ReflectionAllocator@UPxDebugText@physx@@@shdfnd@2@@shdfnd@physx@@IEAAPEAUPxDebugText@3@I@Z 0000000180007d30 f i CmRenderOutput.obj
 0001:00006dd0       ?allocate@?$Array@UPxDebugTriangle@physx@@V?$ReflectionAllocator@UPxDebugTriangle@physx@@@shdfnd@2@@shdfnd@physx@@IEAAPEAUPxDebugTriangle@3@I@Z 0000000180007dd0 f i CmRenderOutput.obj
 0001:00006e70       ?copy@?$Array@UPxDebugLine@physx@@V?$ReflectionAllocator@UPxDebugLine@physx@@@shdfnd@2@@shdfnd@physx@@KAXPEAUPxDebugLine@3@0PEBU43@@Z 0000000180007e70 f i CmRenderOutput.obj
 0001:00007020       ?copy@?$Array@UPxDebugPoint@physx@@V?$ReflectionAllocator@UPxDebugPoint@physx@@@shdfnd@2@@shdfnd@physx@@KAXPEAUPxDebugPoint@3@0PEBU43@@Z 0000000180008020 f i CmRenderOutput.obj
 0001:00007120       ?copy@?$Array@UPxDebugText@physx@@V?$ReflectionAllocator@UPxDebugText@physx@@@shdfnd@2@@shdfnd@physx@@KAXPEAUPxDebugText@3@0PEBU43@@Z 0000000180008120 f i CmRenderOutput.obj
 0001:00007290       ?copy@?$Array@UPxDebugTriangle@physx@@V?$ReflectionAllocator@UPxDebugTriangle@physx@@@shdfnd@2@@shdfnd@physx@@KAXPEAUPxDebugTriangle@3@0PEBU43@@Z 0000000180008290 f i CmRenderOutput.obj
 0001:00007490       ?growAndPushBack@?$Array@DV?$ReflectionAllocator@D@shdfnd@physx@@@shdfnd@physx@@IEAAAEADAEBD@Z 0000000180008490 f i CmRenderOutput.obj
 0001:00007550       ?growAndPushBack@?$Array@UPxDebugLine@physx@@V?$ReflectionAllocator@UPxDebugLine@physx@@@shdfnd@2@@shdfnd@physx@@IEAAAEAUPxDebugLine@3@AEBU43@@Z 0000000180008550 f i CmRenderOutput.obj
 0001:00007630       ?growAndPushBack@?$Array@UPxDebugPoint@physx@@V?$ReflectionAllocator@UPxDebugPoint@physx@@@shdfnd@2@@shdfnd@physx@@IEAAAEAUPxDebugPoint@3@AEBU43@@Z 0000000180008630 f i CmRenderOutput.obj
 0001:000076f0       ?growAndPushBack@?$Array@UPxDebugText@physx@@V?$ReflectionAllocator@UPxDebugText@physx@@@shdfnd@2@@shdfnd@physx@@IEAAAEAUPxDebugText@3@AEBU43@@Z 00000001800086f0 f i CmRenderOutput.obj
 0001:000077c0       ?growAndPushBack@?$Array@UPxDebugTriangle@physx@@V?$ReflectionAllocator@UPxDebugTriangle@physx@@@shdfnd@2@@shdfnd@physx@@IEAAAEAUPxDebugTriangle@3@AEBU43@@Z 00000001800087c0 f i CmRenderOutput.obj
 0001:000078c0       ?outputCapsule@RenderOutput@Cm@physx@@QEAAAEAV123@MMAEBVPxMat44@3@@Z 00000001800088c0 f   CmRenderOutput.obj
 0001:000083a0       ?outputSegment@RenderOutput@Cm@physx@@QEAAXAEBVPxVec3@3@0@Z 00000001800093a0 f i CmRenderOutput.obj
 0001:00008460       ?recreate@?$Array@DV?$ReflectionAllocator@D@shdfnd@physx@@@shdfnd@physx@@IEAAXI@Z 0000000180009460 f i CmRenderOutput.obj
 0001:00008500       ?recreate@?$Array@UPxDebugLine@physx@@V?$ReflectionAllocator@UPxDebugLine@physx@@@shdfnd@2@@shdfnd@physx@@IEAAXI@Z 0000000180009500 f i CmRenderOutput.obj
 0001:00008590       ?reserveSegments@RenderOutput@Cm@physx@@QEAAPEAUPxDebugLine@3@I@Z 0000000180009590 f i CmRenderOutput.obj
 0001:00008600       ??DPxQuat@physx@@QEBA?AV01@AEBV01@@Z 0000000180009600 f i CmVisualization.obj
 0001:00008740       ?visualizeAngularLimit@Cm@physx@@YAXAEAVRenderOutput@12@MAEBVPxTransform@2@MM_N@Z 0000000180009740 f   CmVisualization.obj
 0001:00008900       ?visualizeDoubleCone@Cm@physx@@YAXAEAVRenderOutput@12@MAEBVPxTransform@2@M_N@Z 0000000180009900 f   CmVisualization.obj
 0001:00008b60       ?visualizeJointFrames@Cm@physx@@YAXAEAVRenderOutput@12@MAEBVPxTransform@2@1@Z 0000000180009b60 f   CmVisualization.obj
 0001:00008c20       ?visualizeLimitCone@Cm@physx@@YAXAEAVRenderOutput@12@MAEBVPxTransform@2@MM_N@Z 0000000180009c20 f   CmVisualization.obj
 0001:00008eb0       ?visualizeLinearLimit@Cm@physx@@YAXAEAVRenderOutput@12@MAEBVPxTransform@2@1M_N@Z 0000000180009eb0 f   CmVisualization.obj
 0001:00009130       ??0CmModuleUpdateLoader@Cm@physx@@QEAA@PEBD@Z 000000018000a130 f   CmWindowsModuleUpdateLoader.obj
 0001:00009170       ??1CmModuleUpdateLoader@Cm@physx@@QEAA@XZ 000000018000a170 f   CmWindowsModuleUpdateLoader.obj
 0001:000091a0       ?LoadModule@CmModuleUpdateLoader@Cm@physx@@QEAAPEAUHINSTANCE__@@PEBD0@Z 000000018000a1a0 f   CmWindowsModuleUpdateLoader.obj
 0001:000091c0       ?commonDelayHook@@YAP6A_JXZIPEAUDelayLoadInfo@@@Z 000000018000a1c0 f   CmWindowsDelayLoadHook.obj
 0001:000092a0       PxSetPhysXCommonDelayLoadHook 000000018000a2a0 f   CmWindowsDelayLoadHook.obj
 0001:000092b0       ??4Box@Gu@physx@@QEAAAEBV012@AEBV012@@Z 000000018000a2b0 f i GuBounds.obj
 0001:000092b0       ??0Box@Gu@physx@@QEAA@AEBV012@@Z 000000018000a2b0 f i GuBounds.obj
 0001:00009310       ??0Box@Gu@physx@@QEAA@AEBVPxVec3@2@0AEBVPxMat33@2@@Z 000000018000a310 f i GuBounds.obj
 0001:00009380       ??0Box@Gu@physx@@QEAA@XZ   000000018000a380 f i GuBounds.obj
 0001:00009380       ?getGeometry@GeometryUnion@Gu@physx@@QEBAAEBVPxGeometry@3@XZ 000000018000a380 f i GuGeometryUnion.obj
 0001:00009380       ??0AABBTreeBuildNode@Gu@physx@@QEAA@XZ 000000018000a380 f i GuAABBTreeBuild.obj
 0001:00009380       ??0BigConvexData@physx@@QEAA@W4PxEMPTY@1@@Z 000000018000a380 f i GuMetaData.obj
 0001:00009380       ??0HeightFieldData@Gu@physx@@QEAA@W4PxEMPTY@2@@Z 000000018000a380 f i GuBounds.obj
 0001:00009380       ??0GeometryUnion@Gu@physx@@QEAA@W4PxEMPTY@2@@Z 000000018000a380 f i GuGeometryUnion.obj
 0001:00009380       ?getAABB@AABBTreeBuildNode@Gu@physx@@QEBAAEBVPxBounds3@3@XZ 000000018000a380 f i GuAABBTreeBuild.obj
 0001:00009380       ?getPaddedBounds@HeightFieldData@Gu@physx@@QEBAAEBVCenterExtentsPadded@23@XZ 000000018000a380 f i GuBounds.obj
 0001:00009380       ??0MaterialIndicesStruct@physx@@QEAA@W4PxEMPTY@1@@Z 000000018000a380 f i GuGeometryUnion.obj
 0001:00009390       ??0HeightFieldData@Gu@physx@@QEAA@$$QEAU012@@Z 000000018000a390 f i GuBounds.obj
 0001:00009390       ??4HeightFieldData@Gu@physx@@QEAAAEAU012@$$QEAU012@@Z 000000018000a390 f i GuBounds.obj
 0001:00009390       ??4HeightFieldData@Gu@physx@@QEAAAEAU012@AEBU012@@Z 000000018000a390 f i GuBounds.obj
 0001:00009390       ??0HeightFieldData@Gu@physx@@QEAA@AEBU012@@Z 000000018000a390 f i GuBounds.obj
 0001:000093f0       ??0HeightFieldData@Gu@physx@@QEAA@XZ 000000018000a3f0 f i GuBounds.obj
 0001:00009400       ??0PxQuat@physx@@QEAA@AEBVPxMat33@1@@Z 000000018000a400 f i GuBounds.obj
 0001:000095e0       ??0ShapeData@Gu@physx@@QEAA@AEBVPxGeometry@2@AEBVPxTransform@2@M@Z 000000018000a5e0 f   GuBounds.obj
 0001:00009b40       ??1PxConvexMesh@physx@@MEAA@XZ 000000018000ab40 f i GuBounds.obj
 0001:00009b40       ??1PxHeightField@physx@@MEAA@XZ 000000018000ab40 f i GuBounds.obj
 0001:00009b50       ??_EPxTriangleMesh@physx@@MEAAPEAXI@Z 000000018000ab50 f i GuTriangleMesh.obj
 0001:00009b50       ??_GPxBVHStructure@physx@@MEAAPEAXI@Z 000000018000ab50 f i GuBVHStructure.obj
 0001:00009b50       ??_GPxTriangleMesh@physx@@MEAAPEAXI@Z 000000018000ab50 f i GuTriangleMesh.obj
 0001:00009b50       ??_GPxBase@physx@@MEAAPEAXI@Z 000000018000ab50 f i GuBounds.obj
 0001:00009b50       ??_EPxBVHStructure@physx@@MEAAPEAXI@Z 000000018000ab50 f i GuBVHStructure.obj
 0001:00009b50       ??_EPxBase@physx@@MEAAPEAXI@Z 000000018000ab50 f i GuBounds.obj
 0001:00009b80       ??_H@YAXPEAX_K1P6APEAX0@Z@Z 000000018000ab80 f i GuBounds.obj
 0001:00009bd0       ?computeAABBExtent@Box@Gu@physx@@QEBA?AVPxVec3@3@XZ 000000018000abd0 f i GuBounds.obj
 0001:00009c90       ?computeBounds@Gu@physx@@YAXAEAVPxBounds3@2@AEBVPxGeometry@2@AEBVPxTransform@2@MPEIBVCenterExtentsPadded@12@M@Z 000000018000ac90 f   GuBounds.obj
 0001:0000a570       ?computeBoundsWithCCDThreshold@Gu@physx@@YAMAEAVVec3p@12@0AEBVPxGeometry@2@AEBVPxTransform@2@PEIBVCenterExtentsPadded@12@@Z 000000018000b570 f   GuBounds.obj
 0001:0000a740       ?computeBoxPoints@Box@Gu@physx@@QEBAXPEIAVPxVec3@3@@Z 000000018000b740 f i GuBounds.obj
 0001:0000b6f0       ?getConcreteTypeName@PxConvexMesh@physx@@UEBAPEBDXZ 000000018000c6f0 f i GuBounds.obj
 0001:0000b700       ?getConcreteTypeName@PxHeightField@physx@@UEBAPEBDXZ 000000018000c700 f i GuBounds.obj
 0001:0000b710       ?getConvexEdgeThreshold@HeightField@Gu@physx@@UEBAMXZ 000000018000c710 f i GuBounds.obj
 0001:0000b720       ?getFlags@HeightField@Gu@physx@@UEBA?AV?$PxFlags@W4Enum@PxHeightFieldFlag@physx@@G@3@XZ 000000018000c720 f i GuBounds.obj
 0001:0000b730       ?getFormat@HeightField@Gu@physx@@UEBA?AW4Enum@PxHeightFieldFormat@3@XZ 000000018000c730 f i GuBounds.obj
 0001:0000b740       ?getHeight@HeightField@Gu@physx@@UEBAMMM@Z 000000018000c740 f i GuBounds.obj
 0001:0000b780       ?getHeightInternal2@HeightField@Gu@physx@@QEBAMIMM@Z 000000018000c780 f i GuBounds.obj
 0001:0000b8f0       ?getIndexBuffer@ConvexMesh@Gu@physx@@UEBAPEBEXZ 000000018000c8f0 f i GuBounds.obj
 0001:0000b930       ?getNbPolygons@ConvexMesh@Gu@physx@@UEBAIXZ 000000018000c930 f i GuBounds.obj
 0001:0000b940       ?getNbRows@HeightField@Gu@physx@@UEBAIXZ 000000018000c940 f i GuBounds.obj
 0001:0000b950       ?getNbVertices@ConvexMesh@Gu@physx@@UEBAIXZ 000000018000c950 f i GuBounds.obj
 0001:0000b960       ?getSample@HeightField@Gu@physx@@UEBAAEBUPxHeightFieldSample@3@II@Z 000000018000c960 f i GuBounds.obj
 0001:0000b970       ?getSampleStride@HeightField@Gu@physx@@UEBAIXZ 000000018000c970 f i GuBounds.obj
 0001:0000b980       ?getTimestamp@HeightField@Gu@physx@@UEBAIXZ 000000018000c980 f i GuBounds.obj
 0001:0000b990       ?getTransform@Box@Gu@physx@@QEBA?AVPxTransform@3@XZ 000000018000c990 f i GuBounds.obj
 0001:0000b9f0       ?getTriangleMaterialIndex@HeightField@Gu@physx@@UEBAGI@Z 000000018000c9f0 f i GuBounds.obj
 0001:0000ba20       ?getTriangleNormal@HeightField@Gu@physx@@UEBA?AVPxVec3@3@I@Z 000000018000ca20 f i GuBounds.obj
 0001:0000bb20       ?getVertices@ConvexMesh@Gu@physx@@UEBAPEBVPxVec3@3@XZ 000000018000cb20 f i GuBounds.obj
 0001:0000bb40       ?isKindOf@PxBase@physx@@MEBA_NPEBD@Z 000000018000cb40 f i GuBounds.obj
 0001:0000bb70       ?isKindOf@PxConvexMesh@physx@@MEBA_NPEBD@Z 000000018000cb70 f i GuBounds.obj
 0001:0000bbc0       ?isKindOf@PxHeightField@physx@@MEBA_NPEBD@Z 000000018000cbc0 f i GuBounds.obj
 0001:0000bc10       ?isReleasable@PxBase@physx@@UEBA_NXZ 000000018000cc10 f i GuBounds.obj
 0001:0000bc20       ?isValid@Box@Gu@physx@@QEBA_NXZ 000000018000cc20 f i GuBounds.obj
 0001:0000bc40       ?preExportDataReset@HeightField@Gu@physx@@QEAAXXZ 000000018000cc40 f i GuBounds.obj
 0001:0000bc40       ?preExportDataReset@ConvexMesh@Gu@physx@@QEAAXXZ 000000018000cc40 f i GuBounds.obj
 0001:0000bc50       ?rotate@Box@Gu@physx@@QEBA?AVPxVec3@3@AEBV43@@Z 000000018000cc50 f i GuBounds.obj
 0001:0000bce0       ?rotateInv@Box@Gu@physx@@QEBA?AVPxVec3@3@AEBV43@@Z 000000018000cce0 f i GuBounds.obj
 0001:0000bd70       ?setAxes@Box@Gu@physx@@QEAAXAEBVPxVec3@3@00@Z 000000018000cd70 f i GuBounds.obj
 0001:0000bdb0       ?setEmpty@Box@Gu@physx@@QEAAXXZ 000000018000cdb0 f i GuBounds.obj
 0001:0000bdf0       ?transform@Box@Gu@physx@@QEBA?AVPxVec3@3@AEBV43@@Z 000000018000cdf0 f i GuBounds.obj
 0001:0000be90       ?computeOBBPoints@Gu@physx@@YAXPEIAVPxVec3@2@AEBV32@1111@Z 000000018000ce90 f   GuBox.obj
 0001:0000c110       ?create@Box@Gu@physx@@QEAAXAEBVCapsule@23@@Z 000000018000d110 f   GuBox.obj
 0001:0000c340       ?getBoxEdges@Gu@physx@@YAPEBEXZ 000000018000d340 f   GuBox.obj
 0001:0000c350       ?computeBasis@shdfnd@physx@@YAXAEBVPxVec3@2@0AEAV32@11@Z 000000018000d350 f i GuCapsule.obj
 0001:0000c4f0       ?computeBoxAroundCapsule@Gu@physx@@YAXAEBVCapsule@12@AEAVBox@12@@Z 000000018000d4f0 f   GuCapsule.obj
 0001:0000c640       ??0HeightFieldUtil@Gu@physx@@QEAA@AEBVPxHeightFieldGeometry@2@@Z 000000018000d640 f i GuCCTSweepTests.obj
 0001:0000c640       ??0HeightFieldTraceUtil@Gu@physx@@QEAA@AEBVPxHeightFieldGeometry@2@@Z 000000018000d640 f i GuCCTSweepTests.obj
 0001:0000c680       ??4HeightFieldTraceUtil@Gu@physx@@QEAAAEAV012@AEBV012@@Z 000000018000d680 f i GuCCTSweepTests.obj
 0001:0000c680       ??4HeightFieldTraceUtil@Gu@physx@@QEAAAEAV012@$$QEAV012@@Z 000000018000d680 f i GuCCTSweepTests.obj
 0001:0000c680       ??4HeightFieldUtil@Gu@physx@@QEAAAEAV012@AEBV012@@Z 000000018000d680 f i GuCCTSweepTests.obj
 0001:0000c6a0       ??4HeightFieldUtil@Gu@physx@@QEAAAEAV012@$$QEAV012@@Z 000000018000d6a0 f i GuCCTSweepTests.obj
 0001:0000c6d0       ??_E?$EntityReport@I@Gu@physx@@UEAAPEAXI@Z 000000018000d6d0 f i GuCCTSweepTests.obj
 0001:0000c6d0       ??_G?$EntityReport@I@Gu@physx@@UEAAPEAXI@Z 000000018000d6d0 f i GuCCTSweepTests.obj
 0001:0000c730       ?ceilUp@HeightFieldTraceUtil@Gu@physx@@SAMM@Z 000000018000d730 f i GuCCTSweepTests.obj
 0001:0000c770       ?computePointNormal@HeightFieldUtil@Gu@physx@@QEBA?AVPxVec3@3@IAEBV43@AEBVPxTransform@3@MMMMAEAM@Z 000000018000d770 f i GuCCTSweepTests.obj
 0001:0000cb90       ?floorDown@HeightFieldTraceUtil@Gu@physx@@SAMM@Z 000000018000db90 f i GuCCTSweepTests.obj
 0001:0000cbd0       ?getFeatureIndex@HeightFieldUtil@Gu@physx@@SAII@Z 000000018000dbd0 f i GuCCTSweepTests.obj
 0001:0000cbe0       ?getFeatureType@HeightFieldUtil@Gu@physx@@SA?AW4Feature@123@I@Z 000000018000dbe0 f i GuCCTSweepTests.obj
 0001:0000cbf0       ?getHeightAtShapePoint@HeightFieldUtil@Gu@physx@@QEBAMMM@Z 000000018000dbf0 f i GuCCTSweepTests.obj
 0001:0000cc50       ?getNormalAtShapePoint@HeightFieldUtil@Gu@physx@@QEBA?AVPxVec3@3@MM@Z 000000018000dc50 f i GuCCTSweepTests.obj
 0001:0000cd10       ?getNormal_2@HeightField@Gu@physx@@QEBA?AVPxVec3@3@IMMMMM@Z 000000018000dd10 f i GuCCTSweepTests.obj
 0001:0000ce30       ?getOneOverColumnScale@HeightFieldUtil@Gu@physx@@QEBAMXZ 000000018000de30 f i GuCCTSweepTests.obj
 0001:0000ce40       ?getOneOverHeightScale@HeightFieldUtil@Gu@physx@@QEBAMXZ 000000018000de40 f i GuCCTSweepTests.obj
 0001:0000ce50       ?getOneOverRowScale@HeightFieldUtil@Gu@physx@@QEBAMXZ 000000018000de50 f i GuCCTSweepTests.obj
 0001:0000ce60       ?getVertexNormal@HeightFieldUtil@Gu@physx@@QEBA?AVPxVec3@3@I@Z 000000018000de60 f i GuCCTSweepTests.obj
 0001:0000cea0       ?shape2hfp@HeightFieldUtil@Gu@physx@@QEBA?AVPxVec3@3@AEBV43@@Z 000000018000dea0 f i GuCCTSweepTests.obj
 0001:0000cea0       ?hf2shapen@HeightFieldUtil@Gu@physx@@QEBA?AVPxVec3@3@AEBV43@@Z 000000018000dea0 f i GuCCTSweepTests.obj
 0001:0000cee0       ?hf2shapep@HeightFieldUtil@Gu@physx@@QEBA?AVPxVec3@3@AEBV43@@Z 000000018000dee0 f i GuCCTSweepTests.obj
 0001:0000cf20       ?hf2worldn@HeightFieldUtil@Gu@physx@@QEBA?AVPxVec3@3@AEBVPxTransform@3@AEBV43@@Z 000000018000df20 f i GuCCTSweepTests.obj
 0001:0000d090       ?hf2worldp@HeightFieldUtil@Gu@physx@@QEBA?AVPxVec3@3@AEBVPxTransform@3@AEBV43@@Z 000000018000e090 f i GuCCTSweepTests.obj
 0001:0000d210       ?isCollisionVertex@HeightFieldUtil@Gu@physx@@QEBA_NIII@Z 000000018000e210 f i GuCCTSweepTests.obj
 0001:0000d230       ?isQueryVertex@HeightFieldUtil@Gu@physx@@QEBA_NIII@Z 000000018000e230 f i GuCCTSweepTests.obj
 0001:0000d2f0       ?isShapePointOnHeightField@HeightFieldUtil@Gu@physx@@QEBA_NMM@Z 000000018000e2f0 f i GuCCTSweepTests.obj
 0001:0000d340       ?makeFeatureCode@HeightFieldUtil@Gu@physx@@SAIIW4Feature@123@@Z 000000018000e340 f i GuCCTSweepTests.obj
 0001:0000d500       ?sweepBoxTriangles_Precise@Gu@physx@@YA_NIPEBVPxTriangle@2@_NAEBVPxBoxGeometry@2@AEBVPxTransform@2@AEBVPxVec3@2@MAEAUPxSweepHit@2@PEBIMV?$PxFlags@W4Enum@PxHitFlag@physx@@G@2@@Z 000000018000e500 f   GuCCTSweepTests.obj
 0001:0000e280       ?sweepBox_BoxGeom_Precise@@YA_NAEBVPxGeometry@physx@@AEBVPxTransform@2@AEBVPxBoxGeometry@2@1AEBVBox@Gu@2@AEBVPxVec3@2@MAEAUPxSweepHit@2@V?$PxFlags@W4Enum@PxHitFlag@physx@@G@2@M@Z 000000018000f280 f   GuCCTSweepTests.obj
 0001:0000e440       ?sweepBox_CapsuleGeom_Precise@@YA_NAEBVPxGeometry@physx@@AEBVPxTransform@2@AEBVPxBoxGeometry@2@1AEBVBox@Gu@2@AEBVPxVec3@2@MAEAUPxSweepHit@2@V?$PxFlags@W4Enum@PxHitFlag@physx@@G@2@M@Z 000000018000f440 f   GuCCTSweepTests.obj
 0001:0000e810       ?sweepBox_HeightFieldGeom_Precise@@YA_NAEBVPxGeometry@physx@@AEBVPxTransform@2@AEBVPxBoxGeometry@2@1AEBVBox@Gu@2@AEBVPxVec3@2@MAEAUPxSweepHit@2@V?$PxFlags@W4Enum@PxHitFlag@physx@@G@2@M@Z 000000018000f810 f   GuCCTSweepTests.obj
 0001:0000ebe0       ?sweepBox_SphereGeom_Precise@@YA_NAEBVPxGeometry@physx@@AEBVPxTransform@2@AEBVPxBoxGeometry@2@1AEBVBox@Gu@2@AEBVPxVec3@2@MAEAUPxSweepHit@2@V?$PxFlags@W4Enum@PxHitFlag@physx@@G@2@M@Z 000000018000fbe0 f   GuCCTSweepTests.obj
 0001:0000eeb0       ?sweepCapsule_BoxGeom_Precise@@YA_NAEBVPxGeometry@physx@@AEBVPxTransform@2@AEBVPxCapsuleGeometry@2@1AEBVCapsule@Gu@2@AEBVPxVec3@2@MAEAUPxSweepHit@2@V?$PxFlags@W4Enum@PxHitFlag@physx@@G@2@M@Z 000000018000feb0 f   GuCCTSweepTests.obj
 0001:0000f510       ?computePenetration@PxGeometryQuery@physx@@SA_NAEAVPxVec3@2@AEAMAEBVPxGeometry@2@AEBVPxTransform@2@23@Z 0000000180010510 f   GuGeometryQuery.obj
 0001:0000f5f0       ?getWorldBounds@PxGeometryQuery@physx@@SA?AVPxBounds3@2@AEBVPxGeometry@2@AEBVPxTransform@2@M@Z 00000001800105f0 f   GuGeometryQuery.obj
 0001:0000f650       ?isFinite@PxQuat@physx@@QEBA_NXZ 0000000180010650 f i GuGeometryQuery.obj
 0001:0000f6c0       ?isValid@PxGeometryQuery@physx@@SA_NAEBVPxGeometry@2@@Z 00000001800106c0 f   GuGeometryQuery.obj
 0001:0000f8c0       ?overlap@PxGeometryQuery@physx@@SA_NAEBVPxGeometry@2@AEBVPxTransform@2@01@Z 00000001800108c0 f   GuGeometryQuery.obj
 0001:0000f950       ?pointDistance@PxGeometryQuery@physx@@SAMAEBVPxVec3@2@AEBVPxGeometry@2@AEBVPxTransform@2@PEAV32@@Z 0000000180010950 f   GuGeometryQuery.obj
 0001:0000ffe0       ?raycast@PxGeometryQuery@physx@@SAIAEBVPxVec3@2@0AEBVPxGeometry@2@AEBVPxTransform@2@MV?$PxFlags@W4Enum@PxHitFlag@physx@@G@2@IPEIAUPxRaycastHit@2@@Z 0000000180010fe0 f   GuGeometryQuery.obj
 0001:00010080       ?sweep@PxGeometryQuery@physx@@SA_NAEBVPxVec3@2@MAEBVPxGeometry@2@AEBVPxTransform@2@12AEAUPxSweepHit@2@V?$PxFlags@W4Enum@PxHitFlag@physx@@G@2@M@Z 0000000180011080 f   GuGeometryQuery.obj
 0001:00010480       ??0GeometryUnion@Gu@physx@@QEAA@AEBVPxGeometry@2@@Z 0000000180011480 f i GuGeometryUnion.obj
 0001:000104a0       ??0GeometryUnion@Gu@physx@@QEAA@XZ 00000001800114a0 f i GuGeometryUnion.obj
 0001:000104b0       ??0MaterialIndicesStruct@physx@@QEAA@XZ 00000001800114b0 f i GuGeometryUnion.obj
 0001:000104d0       ??4GeometryUnion@Gu@physx@@QEAAAEAV012@$$QEAV012@@Z 00000001800114d0 f i GuGeometryUnion.obj
 0001:000104d0       ??4GeometryUnion@Gu@physx@@QEAAAEAV012@AEBV012@@Z 00000001800114d0 f i GuGeometryUnion.obj
 0001:00010500       ?allocate@MaterialIndicesStruct@physx@@QEAAXG@Z 0000000180011500 f i GuGeometryUnion.obj
 0001:00010580       ?deallocate@MaterialIndicesStruct@physx@@QEAAXXZ 0000000180011580 f i GuGeometryUnion.obj
 0001:000105d0       ?getNumAxes@SeparatingAxes@Gu@physx@@QEBAIXZ 00000001800115d0 f i GuMTD.obj
 0001:000105d0       ?getType@GeometryUnion@Gu@physx@@QEBA?AW4Enum@PxGeometryType@3@XZ 00000001800115d0 f i GuGeometryUnion.obj
 0001:000105d0       ?getCount@BuildStats@Gu@physx@@QEBAIXZ 00000001800115d0 f i GuAABBTreeBuild.obj
 0001:000105e0       ?set@GeometryUnion@Gu@physx@@QEAAXAEBVPxGeometry@3@@Z 00000001800115e0 f   GuGeometryUnion.obj
 0001:000107c0       ?computeBoundsAroundVertices@Gu@physx@@YAXAEAVPxBounds3@2@IPEIBVPxVec3@2@@Z 00000001800117c0 f   GuInternal.obj
 0001:00010870       ?computeBoxPoints@Gu@physx@@YAXAEBVPxBounds3@2@PEIAVPxVec3@2@@Z 0000000180011870 f   GuInternal.obj
 0001:00010910       ?computeSweptBox@Gu@physx@@YAXAEAVBox@12@AEBVPxVec3@2@1AEBVPxMat33@2@1M@Z 0000000180011910 f   GuInternal.obj
 0001:00010e40       ?getPlane@Gu@physx@@YA?AVPxPlane@2@AEBVPxTransform@2@@Z 0000000180011e40 f   GuInternal.obj
 0001:00010ef0       ??$?_UI@@YAPEAX_KV?$ReflectionAllocator@I@shdfnd@physx@@PEBDH@Z 0000000180011ef0 f i GuMeshFactory.obj
 0001:00010f90       ??0GuMeshFactory@physx@@QEAA@XZ 0000000180011f90 f   GuMeshFactory.obj
 0001:00011120       ??1GuMeshFactory@physx@@MEAA@XZ 0000000180012120 f   GuMeshFactory.obj
 0001:00011210       ??1MeshDataBase@Gu@physx@@UEAA@XZ 0000000180012210 f i GuMeshFactory.obj
 0001:00011300       ??1TriangleMeshData@Gu@physx@@UEAA@XZ 0000000180012300 f i GuMeshFactory.obj
 0001:000113d0       ??_EGuMeshFactory@physx@@MEAAPEAXI@Z 00000001800123d0 f i GuMeshFactory.obj
 0001:000114e0       ??_EBV4TriangleData@Gu@physx@@UEAAPEAXI@Z 00000001800124e0 f i GuMeshFactory.obj
 0001:000114e0       ??_GBV4TriangleData@Gu@physx@@UEAAPEAXI@Z 00000001800124e0 f i GuMeshFactory.obj
 0001:00011570       ??_EMeshDataBase@Gu@physx@@UEAAPEAXI@Z 0000000180012570 f i GuMeshFactory.obj
 0001:00011570       ??_GMeshDataBase@Gu@physx@@UEAAPEAXI@Z 0000000180012570 f i GuMeshFactory.obj
 0001:000115e0       ??_ERTreeTriangleData@Gu@physx@@UEAAPEAXI@Z 00000001800125e0 f i GuMeshFactory.obj
 0001:000115e0       ??_GRTreeTriangleData@Gu@physx@@UEAAPEAXI@Z 00000001800125e0 f i GuMeshFactory.obj
 0001:00011690       ??_ETriangleMeshData@Gu@physx@@UEAAPEAXI@Z 0000000180012690 f i GuMeshFactory.obj
 0001:00011690       ??_GTriangleMeshData@Gu@physx@@UEAAPEAXI@Z 0000000180012690 f i GuMeshFactory.obj
 0001:00011700       ?__global_array_delete@@YAXPEAX_K@Z 0000000180012700 f i GuMeshFactory.obj
 0001:00011710       ?__global_delete@@YAXPEAX_K@Z 0000000180012710 f i GuMeshFactory.obj
 0001:00011710       ??_V@YAXPEAX_K@Z           0000000180012710 f i MSVCRT:delete_array_size.obj
 0001:00011720       ?addBVHStructure@GuMeshFactory@physx@@QEAAXPEAVBVHStructure@Gu@2@_N@Z 0000000180012720 f   GuMeshFactory.obj
 0001:000117a0       ?addConvexMesh@GuMeshFactory@physx@@QEAAXPEAVConvexMesh@Gu@2@_N@Z 00000001800127a0 f   GuMeshFactory.obj
 0001:00011820       ?addFactoryListener@GuMeshFactory@physx@@QEAAXAEAVGuMeshFactoryListener@2@@Z 0000000180012820 f   GuMeshFactory.obj
 0001:00011890       ?addHeightField@GuMeshFactory@physx@@QEAAXPEAVHeightField@Gu@2@_N@Z 0000000180012890 f   GuMeshFactory.obj
 0001:00011910       ?addTriangleMesh@GuMeshFactory@physx@@QEAAXPEAVTriangleMesh@Gu@2@_N@Z 0000000180012910 f   GuMeshFactory.obj
 0001:00011990       ?create@?$HashBase@PEAVHeightField@Gu@physx@@PEAV123@U?$Hash@PEAVHeightField@Gu@physx@@@shdfnd@3@UGetKey@?$HashSetBase@PEAVHeightField@Gu@physx@@U?$Hash@PEAVHeightField@Gu@physx@@@shdfnd@3@VNonTrackingAllocator@53@$00@internal@53@VNonTrackingAllocator@53@$00@internal@shdfnd@physx@@QEAAPEAPEAVHeightField@Gu@4@AEBQEAV564@AEA_N@Z 0000000180012990 f i GuMeshFactory.obj
 0001:00011990       ?create@?$HashBase@PEAVBVHStructure@Gu@physx@@PEAV123@U?$Hash@PEAVBVHStructure@Gu@physx@@@shdfnd@3@UGetKey@?$HashSetBase@PEAVBVHStructure@Gu@physx@@U?$Hash@PEAVBVHStructure@Gu@physx@@@shdfnd@3@VNonTrackingAllocator@53@$00@internal@53@VNonTrackingAllocator@53@$00@internal@shdfnd@physx@@QEAAPEAPEAVBVHStructure@Gu@4@AEBQEAV564@AEA_N@Z 0000000180012990 f i GuMeshFactory.obj
 0001:00011990       ?create@?$HashBase@PEAVTriangleMesh@Gu@physx@@PEAV123@U?$Hash@PEAVTriangleMesh@Gu@physx@@@shdfnd@3@UGetKey@?$HashSetBase@PEAVTriangleMesh@Gu@physx@@U?$Hash@PEAVTriangleMesh@Gu@physx@@@shdfnd@3@VNonTrackingAllocator@53@$00@internal@53@VNonTrackingAllocator@53@$00@internal@shdfnd@physx@@QEAAPEAPEAVTriangleMesh@Gu@4@AEBQEAV564@AEA_N@Z 0000000180012990 f i GuMeshFactory.obj
 0001:00011990       ?create@?$HashBase@PEAVConvexMesh@Gu@physx@@PEAV123@U?$Hash@PEAVConvexMesh@Gu@physx@@@shdfnd@3@UGetKey@?$HashSetBase@PEAVConvexMesh@Gu@physx@@U?$Hash@PEAVConvexMesh@Gu@physx@@@shdfnd@3@VNonTrackingAllocator@53@$00@internal@53@VNonTrackingAllocator@53@$00@internal@shdfnd@physx@@QEAAPEAPEAVConvexMesh@Gu@4@AEBQEAV564@AEA_N@Z 0000000180012990 f i GuMeshFactory.obj
 0001:00011b30       ?createBVHStructure@GuMeshFactory@physx@@IEAAPEAVPxBVHStructure@2@AEAUBVHStructureData@Gu@2@@Z 0000000180012b30 f   GuMeshFactory.obj
 0001:00011c30       ?createBVHStructure@GuMeshFactory@physx@@QEAAPEAVPxBVHStructure@2@AEAVPxInputStream@2@@Z 0000000180012c30 f   GuMeshFactory.obj
 0001:00011d50       ?createBVHStructure@GuMeshFactory@physx@@QEAAPEAVPxBVHStructure@2@PEAX@Z 0000000180012d50 f   GuMeshFactory.obj
 0001:00011d60       ?createConvexMesh@GuMeshFactory@physx@@IEAAPEAVPxConvexMesh@2@AEAUConvexHullInitData@Gu@2@@Z 0000000180012d60 f   GuMeshFactory.obj
 0001:00011e50       ?createConvexMesh@GuMeshFactory@physx@@QEAAPEAVPxConvexMesh@2@AEAVPxInputStream@2@@Z 0000000180012e50 f   GuMeshFactory.obj
 0001:00011f70       ?createConvexMesh@GuMeshFactory@physx@@QEAAPEAVPxConvexMesh@2@PEAX@Z 0000000180012f70 f   GuMeshFactory.obj
 0001:00011f80       ?createHeightField@GuMeshFactory@physx@@QEAAPEAVPxHeightField@2@AEAVPxInputStream@2@@Z 0000000180012f80 f   GuMeshFactory.obj
 0001:000120a0       ?createHeightField@GuMeshFactory@physx@@QEAAPEAVPxHeightField@2@PEAX@Z 00000001800130a0 f   GuMeshFactory.obj
 0001:000121a0       ?createTriangleMesh@GuMeshFactory@physx@@IEAAPEAVPxTriangleMesh@2@AEAVTriangleMeshData@Gu@2@@Z 00000001800131a0 f   GuMeshFactory.obj
 0001:00012330       ?createTriangleMesh@GuMeshFactory@physx@@QEAAPEAVPxTriangleMesh@2@AEAVPxInputStream@2@@Z 0000000180013330 f   GuMeshFactory.obj
 0001:00012390       ?createTriangleMesh@GuMeshFactory@physx@@QEAAPEAVPxTriangleMesh@2@PEAX@Z 0000000180013390 f   GuMeshFactory.obj
 0001:000123a0       ?erase@?$HashBase@PEAVConvexMesh@Gu@physx@@PEAV123@U?$Hash@PEAVConvexMesh@Gu@physx@@@shdfnd@3@UGetKey@?$HashSetBase@PEAVConvexMesh@Gu@physx@@U?$Hash@PEAVConvexMesh@Gu@physx@@@shdfnd@3@VNonTrackingAllocator@53@$00@internal@53@VNonTrackingAllocator@53@$00@internal@shdfnd@physx@@QEAA_NAEBQEAVConvexMesh@Gu@4@@Z 00000001800133a0 f i GuMeshFactory.obj
 0001:000123a0       ?erase@?$HashBase@PEAVTriangleMesh@Gu@physx@@PEAV123@U?$Hash@PEAVTriangleMesh@Gu@physx@@@shdfnd@3@UGetKey@?$HashSetBase@PEAVTriangleMesh@Gu@physx@@U?$Hash@PEAVTriangleMesh@Gu@physx@@@shdfnd@3@VNonTrackingAllocator@53@$00@internal@53@VNonTrackingAllocator@53@$00@internal@shdfnd@physx@@QEAA_NAEBQEAVTriangleMesh@Gu@4@@Z 00000001800133a0 f i GuMeshFactory.obj
 0001:000123a0       ?erase@?$HashBase@PEAVHeightField@Gu@physx@@PEAV123@U?$Hash@PEAVHeightField@Gu@physx@@@shdfnd@3@UGetKey@?$HashSetBase@PEAVHeightField@Gu@physx@@U?$Hash@PEAVHeightField@Gu@physx@@@shdfnd@3@VNonTrackingAllocator@53@$00@internal@53@VNonTrackingAllocator@53@$00@internal@shdfnd@physx@@QEAA_NAEBQEAVHeightField@Gu@4@@Z 00000001800133a0 f i GuMeshFactory.obj
 0001:000123a0       ?erase@?$HashBase@PEAVBVHStructure@Gu@physx@@PEAV123@U?$Hash@PEAVBVHStructure@Gu@physx@@@shdfnd@3@UGetKey@?$HashSetBase@PEAVBVHStructure@Gu@physx@@U?$Hash@PEAVBVHStructure@Gu@physx@@@shdfnd@3@VNonTrackingAllocator@53@$00@internal@53@VNonTrackingAllocator@53@$00@internal@shdfnd@physx@@QEAA_NAEBQEAVBVHStructure@Gu@4@@Z 00000001800133a0 f i GuMeshFactory.obj
 0001:00012510       ?getBVHStructures@GuMeshFactory@physx@@QEBAIPEAPEAVPxBVHStructure@2@II@Z 0000000180013510 f   GuMeshFactory.obj
 0001:000125b0       ?getConvexMeshes@GuMeshFactory@physx@@QEBAIPEAPEAVPxConvexMesh@2@II@Z 00000001800135b0 f   GuMeshFactory.obj
 0001:00012640       ?getHeightFields@GuMeshFactory@physx@@QEBAIPEAPEAVPxHeightField@2@II@Z 0000000180013640 f   GuMeshFactory.obj
 0001:000126e0       ?getNbBVHStructures@GuMeshFactory@physx@@QEBAIXZ 00000001800136e0 f   GuMeshFactory.obj
 0001:00012720       ?getNbConvexMeshes@GuMeshFactory@physx@@QEBAIXZ 0000000180013720 f   GuMeshFactory.obj
 0001:00012760       ?getNbHeightFields@GuMeshFactory@physx@@QEBAIXZ 0000000180013760 f   GuMeshFactory.obj
 0001:000127a0       ?getNbTriangleMeshes@GuMeshFactory@physx@@QEBAIXZ 00000001800137a0 f   GuMeshFactory.obj
 0001:000127e0       ?getTriangleMeshes@GuMeshFactory@physx@@QEBAIPEAPEAVPxTriangleMesh@2@II@Z 00000001800137e0 f   GuMeshFactory.obj
 0001:00012870       ?growAndPushBack@?$Array@PEAVGuMeshFactoryListener@physx@@V?$ReflectionAllocator@PEAVGuMeshFactoryListener@physx@@@shdfnd@2@@shdfnd@physx@@IEAAAEAPEAVGuMeshFactoryListener@3@AEBQEAV43@@Z 0000000180013870 f i GuMeshFactory.obj
 0001:00013820       ?notifyFactoryListener@GuMeshFactory@physx@@QEAAXPEBVPxBase@2@G@Z 0000000180014820 f   GuMeshFactory.obj
 0001:00013890       ?release@GuMeshFactory@physx@@QEAAXXZ 0000000180014890 f   GuMeshFactory.obj
 0001:00013930       ?removeBVHStructure@GuMeshFactory@physx@@QEAA_NAEAVPxBVHStructure@2@@Z 0000000180014930 f   GuMeshFactory.obj
 0001:00013980       ?removeConvexMesh@GuMeshFactory@physx@@QEAA_NAEAVPxConvexMesh@2@@Z 0000000180014980 f   GuMeshFactory.obj
 0001:000139d0       ?removeFactoryListener@GuMeshFactory@physx@@QEAAXAEAVGuMeshFactoryListener@2@@Z 00000001800149d0 f   GuMeshFactory.obj
 0001:00013a60       ?removeHeightField@GuMeshFactory@physx@@QEAA_NAEAVPxHeightField@2@@Z 0000000180014a60 f   GuMeshFactory.obj
 0001:00013ab0       ?removeTriangleMesh@GuMeshFactory@physx@@QEAA_NAEAVPxTriangleMesh@2@@Z 0000000180014ab0 f   GuMeshFactory.obj
 0001:00013b00       ?reserveInternal@?$HashBase@PEAVHeightField@Gu@physx@@PEAV123@U?$Hash@PEAVHeightField@Gu@physx@@@shdfnd@3@UGetKey@?$HashSetBase@PEAVHeightField@Gu@physx@@U?$Hash@PEAVHeightField@Gu@physx@@@shdfnd@3@VNonTrackingAllocator@53@$00@internal@53@VNonTrackingAllocator@53@$00@internal@shdfnd@physx@@AEAAXI@Z 0000000180014b00 f i GuMeshFactory.obj
 0001:00013b00       ?reserveInternal@?$HashBase@PEAVConvexMesh@Gu@physx@@PEAV123@U?$Hash@PEAVConvexMesh@Gu@physx@@@shdfnd@3@UGetKey@?$HashSetBase@PEAVConvexMesh@Gu@physx@@U?$Hash@PEAVConvexMesh@Gu@physx@@@shdfnd@3@VNonTrackingAllocator@53@$00@internal@53@VNonTrackingAllocator@53@$00@internal@shdfnd@physx@@AEAAXI@Z 0000000180014b00 f i GuMeshFactory.obj
 0001:00013b00       ?reserveInternal@?$HashBase@PEAVTriangleMesh@Gu@physx@@PEAV123@U?$Hash@PEAVTriangleMesh@Gu@physx@@@shdfnd@3@UGetKey@?$HashSetBase@PEAVTriangleMesh@Gu@physx@@U?$Hash@PEAVTriangleMesh@Gu@physx@@@shdfnd@3@VNonTrackingAllocator@53@$00@internal@53@VNonTrackingAllocator@53@$00@internal@shdfnd@physx@@AEAAXI@Z 0000000180014b00 f i GuMeshFactory.obj
 0001:00013b00       ?reserveInternal@?$HashBase@PEAVBVHStructure@Gu@physx@@PEAV123@U?$Hash@PEAVBVHStructure@Gu@physx@@@shdfnd@3@UGetKey@?$HashSetBase@PEAVBVHStructure@Gu@physx@@U?$Hash@PEAVBVHStructure@Gu@physx@@@shdfnd@3@VNonTrackingAllocator@53@$00@internal@53@VNonTrackingAllocator@53@$00@internal@shdfnd@physx@@AEAAXI@Z 0000000180014b00 f i GuMeshFactory.obj
 0001:00013cd0       ??4BigConvexData@physx@@QEAAAEAV01@AEBV01@@Z 0000000180014cd0 f i GuMetaData.obj
 0001:00013cf0       ?GetAdjacentVerts@BigConvexData@physx@@QEBAPEBEXZ 0000000180014cf0 f i GuMetaData.obj
 0001:00013d00       ?GetNbNeighbors@BigConvexData@physx@@QEBAGI@Z 0000000180014d00 f i GuMetaData.obj
 0001:00013d00       ?GetValency@BigConvexData@physx@@QEBAGI@Z 0000000180014d00 f i GuMetaData.obj
 0001:00013d10       ?GetNbSamples@BigConvexData@physx@@QEBAIXZ 0000000180014d10 f i GuMetaData.obj
 0001:00013d20       ?GetNbVerts@BigConvexData@physx@@QEBAIXZ 0000000180014d20 f i GuMetaData.obj
 0001:00013d30       ?GetNeighbors@BigConvexData@physx@@QEBAPEBEI@Z 0000000180014d30 f i GuMetaData.obj
 0001:00013d40       ?GetOffset@BigConvexData@physx@@QEBAGI@Z 0000000180014d40 f i GuMetaData.obj
 0001:00013d50       ?GetSubdiv@BigConvexData@physx@@QEBAIXZ 0000000180014d50 f i GuMetaData.obj
 0001:00013d60       ?getBinaryMetaData@BV4Tree@Gu@physx@@SAXAEAVPxOutputStream@3@@Z 0000000180014d60 f   GuMetaData.obj
 0001:000140f0       ?getBinaryMetaData@BV4TriangleMesh@Gu@physx@@SAXAEAVPxOutputStream@3@@Z 00000001800150f0 f   GuMetaData.obj
 0001:000143d0       ?getBinaryMetaData@BigConvexData@physx@@SAXAEAVPxOutputStream@2@@Z 00000001800153d0 f   GuMetaData.obj
 0001:00014690       ?getBinaryMetaData@ConvexMesh@Gu@physx@@SAXAEAVPxOutputStream@3@@Z 0000000180015690 f   GuMetaData.obj
 0001:00014d20       ?getBinaryMetaData@GeometryUnion@Gu@physx@@SAXAEAVPxOutputStream@3@@Z 0000000180015d20 f   GuMetaData.obj
 0001:00015370       ?getBinaryMetaData@HeightField@Gu@physx@@SAXAEAVPxOutputStream@3@@Z 0000000180016370 f   GuMetaData.obj
 0001:000157a0       ?getBinaryMetaData@MaterialIndicesStruct@physx@@SAXAEAVPxOutputStream@2@@Z 00000001800167a0 f   GuMetaData.obj
 0001:00015940       ?getBinaryMetaData@RTree@Gu@physx@@SAXAEAVPxOutputStream@3@@Z 0000000180016940 f   GuMetaData.obj
 0001:00015c70       ?getBinaryMetaData@RTreeTriangleMesh@Gu@physx@@SAXAEAVPxOutputStream@3@@Z 0000000180016c70 f   GuMetaData.obj
 0001:00016510       ?getBinaryMetaData@TriangleMesh@Gu@physx@@SAXAEAVPxOutputStream@3@@Z 0000000180017510 f   GuMetaData.obj
 0001:00017980       ?doSupport@?$SupportLocalImpl@VConvexHullV@Gu@physx@@@Gu@physx@@UEBA?AT__m128@@AEBT4@@Z 0000000180018980 f i GuMTD.obj
 0001:00017a60       ?doSupport@?$SupportLocalImpl@VConvexHullV@Gu@physx@@@Gu@physx@@UEBAXAEBT__m128@@AEAT4@1@Z 0000000180018a60 f i GuMTD.obj
 0001:00017dc0       ?populateVerts@?$SupportLocalImpl@VConvexHullV@Gu@physx@@@Gu@physx@@UEBAXPEBEIPEBVPxVec3@3@PEAT__m128@@@Z 0000000180018dc0 f i GuMTD.obj
 0001:00017e20       ??_G?$SupportLocalImpl@VBoxV@Gu@physx@@@Gu@physx@@UEAAPEAXI@Z 0000000180018e20 f i GuMTD.obj
 0001:00017e20       ??_E?$SupportLocalImpl@VBoxV@Gu@physx@@@Gu@physx@@UEAAPEAXI@Z 0000000180018e20 f i GuMTD.obj
 0001:00017e20       ??_G?$SupportLocalImpl@VConvexHullV@Gu@physx@@@Gu@physx@@UEAAPEAXI@Z 0000000180018e20 f i GuMTD.obj
 0001:00017e20       ??_E?$SupportLocalImpl@VConvexHullV@Gu@physx@@@Gu@physx@@UEAAPEAXI@Z 0000000180018e20 f i GuMTD.obj
 0001:00017e20       ??_G?$SupportLocalImpl@VTriangleV@Gu@physx@@@Gu@physx@@UEAAPEAXI@Z 0000000180018e20 f i GuPCMContactConvexCommon.obj
 0001:00017e20       ??_E?$SupportLocalImpl@VConvexHullNoScaleV@Gu@physx@@@Gu@physx@@UEAAPEAXI@Z 0000000180018e20 f i GuMTD.obj
 0001:00017e20       ??_E?$SupportLocalImpl@VTriangleV@Gu@physx@@@Gu@physx@@UEAAPEAXI@Z 0000000180018e20 f i GuPCMContactConvexCommon.obj
 0001:00017e20       ??_G?$SupportLocalImpl@VConvexHullNoScaleV@Gu@physx@@@Gu@physx@@UEAAPEAXI@Z 0000000180018e20 f i GuMTD.obj
 0001:00017e50       ?doSupport@?$SupportLocalImpl@VConvexHullNoScaleV@Gu@physx@@@Gu@physx@@UEBA?AT__m128@@AEBT4@@Z 0000000180018e50 f i GuMTD.obj
 0001:00017ea0       ?doSupport@?$SupportLocalImpl@VConvexHullNoScaleV@Gu@physx@@@Gu@physx@@UEBAXAEBT__m128@@AEAT4@1@Z 0000000180018ea0 f i GuMTD.obj
 0001:00018020       ?populateVerts@?$SupportLocalImpl@VConvexHullNoScaleV@Gu@physx@@@Gu@physx@@UEBAXPEBEIPEBVPxVec3@3@PEAT__m128@@@Z 0000000180019020 f i GuMTD.obj
 0001:00018020       ?populateVerts@?$SupportLocalImpl@VBoxV@Gu@physx@@@Gu@physx@@UEBAXPEBEIPEBVPxVec3@3@PEAT__m128@@@Z 0000000180019020 f i GuMTD.obj
 0001:00018060       ?doSupport@?$SupportLocalImpl@VBoxV@Gu@physx@@@Gu@physx@@UEBA?AT__m128@@AEBT4@@Z 0000000180019060 f i GuMTD.obj
 0001:00018090       ?doSupport@?$SupportLocalImpl@VBoxV@Gu@physx@@@Gu@physx@@UEBAXAEBT__m128@@AEAT4@1@Z 0000000180019090 f i GuMTD.obj
 0001:000180e0       ??_GSupportLocal@Gu@physx@@UEAAPEAXI@Z 00000001800190e0 f i GuMTD.obj
 0001:000180e0       ??_ESupportLocal@Gu@physx@@UEAAPEAXI@Z 00000001800190e0 f i GuMTD.obj
 0001:00019eb0       ??$gjk@U?$LocalConvex@VCapsuleV@Gu@physx@@@Gu@physx@@U?$LocalConvex@VConvexHullV@Gu@physx@@@23@@Gu@physx@@YA?AW4GjkStatus@01@AEBU?$LocalConvex@VCapsuleV@Gu@physx@@@01@AEBU?$LocalConvex@VConvexHullV@Gu@physx@@@01@AEBT__m128@@2AEAT5@333@Z 000000018001aeb0 f i GuMTD.obj
 0001:0001ac20       ??0MultiplePersistentContactManifold@Gu@physx@@QEAA@XZ 000000018001bc20 f i GuMTD.obj
 0001:0001ac70       ??0PolygonalBox@Gu@physx@@QEAA@AEBV012@@Z 000000018001bc70 f i GuMTD.obj
 0001:0001aef0       ??0SeparatingAxes@Gu@physx@@QEAA@AEBV012@@Z 000000018001bef0 f i GuMTD.obj
 0001:0001aef0       ??0SeparatingAxes@Gu@physx@@QEAA@$$QEAV012@@Z 000000018001bef0 f i GuMTD.obj
 0001:0001b000       ??0SeparatingAxes@Gu@physx@@QEAA@XZ 000000018001c000 f i GuMTD.obj
 0001:0001b010       ??4MultiplePersistentContactManifold@Gu@physx@@QEAAAEAV012@$$QEAV012@@Z 000000018001c010 f i GuMTD.obj
 0001:0001b320       ??4MultiplePersistentContactManifold@Gu@physx@@QEAAAEAV012@AEBV012@@Z 000000018001c320 f i GuMTD.obj
 0001:0001b340       ??4SeparatingAxes@Gu@physx@@QEAAAEAV012@$$QEAV012@@Z 000000018001c340 f i GuMTD.obj
 0001:0001b340       ??4SeparatingAxes@Gu@physx@@QEAAAEAV012@AEBV012@@Z 000000018001c340 f i GuMTD.obj
 0001:0001b450       ??_G?$LocalConvex@VConvexHullNoScaleV@Gu@physx@@@Gu@physx@@UEAAPEAXI@Z 000000018001c450 f i GuPCMContactBoxConvex.obj
 0001:0001b450       ??_EGjkConvexBase@Gu@physx@@UEAAPEAXI@Z 000000018001c450 f i GuMTD.obj
 0001:0001b450       ??_E?$LocalConvex@VCapsuleV@Gu@physx@@@Gu@physx@@UEAAPEAXI@Z 000000018001c450 f i GuMTD.obj
 0001:0001b450       ??_E?$LocalConvex@VConvexHullV@Gu@physx@@@Gu@physx@@UEAAPEAXI@Z 000000018001c450 f i GuMTD.obj
 0001:0001b450       ??_G?$LocalConvex@VConvexHullV@Gu@physx@@@Gu@physx@@UEAAPEAXI@Z 000000018001c450 f i GuMTD.obj
 0001:0001b450       ??_E?$LocalConvex@VConvexHullNoScaleV@Gu@physx@@@Gu@physx@@UEAAPEAXI@Z 000000018001c450 f i GuPCMContactBoxConvex.obj
 0001:0001b450       ??_E?$LocalConvex@VBoxV@Gu@physx@@@Gu@physx@@UEAAPEAXI@Z 000000018001c450 f i GuSweepTests.obj
 0001:0001b450       ??_E?$LocalConvex@VTriangleV@Gu@physx@@@Gu@physx@@UEAAPEAXI@Z 000000018001c450 f i GuSweepTests.obj
 0001:0001b450       ??_GGjkConvexBase@Gu@physx@@UEAAPEAXI@Z 000000018001c450 f i GuMTD.obj
 0001:0001b450       ??_G?$LocalConvex@VBoxV@Gu@physx@@@Gu@physx@@UEAAPEAXI@Z 000000018001c450 f i GuSweepTests.obj
 0001:0001b450       ??_G?$LocalConvex@VCapsuleV@Gu@physx@@@Gu@physx@@UEAAPEAXI@Z 000000018001c450 f i GuMTD.obj
 0001:0001b450       ??_G?$LocalConvex@VTriangleV@Gu@physx@@@Gu@physx@@UEAAPEAXI@Z 000000018001c450 f i GuSweepTests.obj
 0001:0001bbe0       ?clearManifold@MultiplePersistentContactManifold@Gu@physx@@QEAAXXZ 000000018001cbe0 f i GuMTD.obj
 0001:0001f7e0       ?getAxes@SeparatingAxes@Gu@physx@@QEBAPEBVPxVec3@3@XZ 00000001800207e0 f i GuMTD.obj
 0001:0001f7f0       ?getCenter@?$LocalConvex@VConvexHullNoScaleV@Gu@physx@@@Gu@physx@@UEBA?AT__m128@@XZ 00000001800207f0 f i GuPCMContactBoxConvex.obj
 0001:0001f7f0       ?getCenter@?$LocalConvex@VConvexHullV@Gu@physx@@@Gu@physx@@UEBA?AT__m128@@XZ 00000001800207f0 f i GuMTD.obj
 0001:0001f7f0       ?getCenter@?$LocalConvex@VTriangleV@Gu@physx@@@Gu@physx@@UEBA?AT__m128@@XZ 00000001800207f0 f i GuSweepTests.obj
 0001:0001f7f0       ?getCenter@?$LocalConvex@VBoxV@Gu@physx@@@Gu@physx@@UEBA?AT__m128@@XZ 00000001800207f0 f i GuSweepTests.obj
 0001:0001f7f0       ?getCenter@?$LocalConvex@VCapsuleV@Gu@physx@@@Gu@physx@@UEBA?AT__m128@@XZ 00000001800207f0 f i GuMTD.obj
 0001:0001f800       ?getEmptyManifold@MultiplePersistentContactManifold@Gu@physx@@QEAAPEAVSinglePersistentContactManifold@23@XZ 0000000180020800 f i GuMTD.obj
 0001:0001f820       ?getManifold@MultiplePersistentContactManifold@Gu@physx@@QEAAPEAVSinglePersistentContactManifold@23@I@Z 0000000180020820 f i GuMTD.obj
 0001:0001f840       ?getSweepMargin@?$LocalConvex@VCapsuleV@Gu@physx@@@Gu@physx@@UEBA?AT__m128@@XZ 0000000180020840 f i GuMTD.obj
 0001:0001f840       ?getSweepMargin@?$RelativeConvex@VCapsuleV@Gu@physx@@@Gu@physx@@UEBA?AT__m128@@XZ 0000000180020840 f i GuCCDSweepPrimitives.obj
 0001:0001f850       ?getSweepMargin@?$RelativeConvex@VBoxV@Gu@physx@@@Gu@physx@@UEBA?AT__m128@@XZ 0000000180020850 f i GuOverlapTests.obj
 0001:0001f850       ?getSweepMargin@?$LocalConvex@VBoxV@Gu@physx@@@Gu@physx@@UEBA?AT__m128@@XZ 0000000180020850 f i GuSweepTests.obj
 0001:0001f850       ?getSweepMargin@?$RelativeConvex@VConvexHullNoScaleV@Gu@physx@@@Gu@physx@@UEBA?AT__m128@@XZ 0000000180020850 f i GuPCMContactConvexConvex.obj
 0001:0001f850       ?getSweepMargin@?$LocalConvex@VConvexHullV@Gu@physx@@@Gu@physx@@UEBA?AT__m128@@XZ 0000000180020850 f i GuMTD.obj
 0001:0001f850       ?getSweepMargin@?$RelativeConvex@VConvexHullV@Gu@physx@@@Gu@physx@@UEBA?AT__m128@@XZ 0000000180020850 f i GuOverlapTests.obj
 0001:0001f850       ?getSweepMargin@?$LocalConvex@VConvexHullNoScaleV@Gu@physx@@@Gu@physx@@UEBA?AT__m128@@XZ 0000000180020850 f i GuPCMContactBoxConvex.obj
 0001:0001f870       ?hillClimbing@ConvexHullV@Gu@physx@@QEBAIAEBT__m128@@@Z 0000000180020870 f i GuMTD.obj
 0001:0001faa0       ?initialize@MultiplePersistentContactManifold@Gu@physx@@QEAAXXZ 0000000180020aa0 f i GuMTD.obj
 0001:0001fb00       ?invalidate@MultiplePersistentContactManifold@Gu@physx@@QEAAIAEBVPsTransformV@aos@shdfnd@3@AEBT__m128@@1@Z 0000000180020b00 f i GuMTD.obj
 0001:0001fb80       ?invalidate@MultiplePersistentContactManifold@Gu@physx@@QEAAIAEBVPsTransformV@aos@shdfnd@3@AEBT__m128@@@Z 0000000180020b80 f i GuMTD.obj
 0001:0001fc00       ?maxTransformPositionDelta@MultiplePersistentContactManifold@Gu@physx@@QEAA?AT__m128@@AEBT4@@Z 0000000180020c00 f i GuMTD.obj
 0001:0001fc40       ?maxTransformQuatDelta@MultiplePersistentContactManifold@Gu@physx@@QEAA?AT__m128@@AEBT4@@Z 0000000180020c40 f i GuMTD.obj
 0001:0001fc80       ?pointConvexDistance@@YA_NAEAVPxVec3@physx@@0AEAMAEBV12@PEBVConvexMesh@Gu@2@AEBVPxMeshScale@2@AEBVPxTransform@2@@Z 0000000180020c80 f   GuMTD.obj
 0001:00020a40       ?reduceManifoldContactsInDifferentPatches@MultiplePersistentContactManifold@Gu@physx@@QEAAIPEAPEAUPCMContactPatch@23@IPEAVMeshPersistentContact@23@IAEBT__m128@@@Z 0000000180021a40 f i GuMTD.obj
 0001:00020ba0       ?refineContactPatchConnective@MultiplePersistentContactManifold@Gu@physx@@QEAAXPEAPEAUPCMContactPatch@23@IPEAVMeshPersistentContact@23@AEBT__m128@@@Z 0000000180021ba0 f i GuMTD.obj
 0001:00020c90       ?refreshManifold@MultiplePersistentContactManifold@Gu@physx@@QEAAXAEBVPsMatTransformV@aos@shdfnd@3@AEBT__m128@@1@Z 0000000180021c90 f i GuMTD.obj
 0001:00020d90       ?reset@SeparatingAxes@Gu@physx@@QEAAXXZ 0000000180021d90 f i GuMTD.obj
 0001:00020da0       ?setRelativeTransform@MultiplePersistentContactManifold@Gu@physx@@QEAAXAEBVPsTransformV@aos@shdfnd@3@@Z 0000000180021da0 f i GuMTD.obj
 0001:00020db0       ?support@?$LocalConvex@VCapsuleV@Gu@physx@@@Gu@physx@@UEBA?AT__m128@@AEBT4@@Z 0000000180021db0 f i GuMTD.obj
 0001:00020e10       ?support@?$LocalConvex@VCapsuleV@Gu@physx@@@Gu@physx@@UEBA?AT__m128@@AEBT4@AEAH@Z 0000000180021e10 f i GuMTD.obj
 0001:00020e80       ?support@?$LocalConvex@VConvexHullV@Gu@physx@@@Gu@physx@@UEBA?AT__m128@@AEBT4@@Z 0000000180021e80 f i GuMTD.obj
 0001:00020f60       ?support@?$LocalConvex@VConvexHullV@Gu@physx@@@Gu@physx@@UEBA?AT__m128@@AEBT4@AEAH@Z 0000000180021f60 f i GuMTD.obj
 0001:00021030       ?supportPoint@?$LocalConvex@VCapsuleV@Gu@physx@@@Gu@physx@@UEBA?AT__m128@@H@Z 0000000180022030 f i GuMTD.obj
 0001:00021060       ?supportPoint@?$LocalConvex@VConvexHullV@Gu@physx@@@Gu@physx@@UEBA?AT__m128@@H@Z 0000000180022060 f i GuMTD.obj
 0001:000210b0       ?supportVertexIndex@ConvexHullV@Gu@physx@@QEBAIAEBT__m128@@@Z 00000001800220b0 f i GuMTD.obj
 0001:00021330       ?toBuffer@MultiplePersistentContactManifold@Gu@physx@@QEAAXPEIAE@Z 0000000180022330 f i GuMTD.obj
 0001:00021410       ?supportPoint@?$RelativeConvex@VBoxV@Gu@physx@@@Gu@physx@@UEBA?AT__m128@@H@Z 0000000180022410 f i GuOverlapTests.obj
 0001:00021480       ?support@?$RelativeConvex@VBoxV@Gu@physx@@@Gu@physx@@UEBA?AT__m128@@AEBT4@@Z 0000000180022480 f i GuOverlapTests.obj
 0001:00021500       ?support@?$RelativeConvex@VBoxV@Gu@physx@@@Gu@physx@@UEBA?AT__m128@@AEBT4@AEAH@Z 0000000180022500 f i GuOverlapTests.obj
 0001:00021590       ?getCenter@?$RelativeConvex@VCapsuleV@Gu@physx@@@Gu@physx@@UEBA?AT__m128@@XZ 0000000180022590 f i GuCCDSweepPrimitives.obj
 0001:00021590       ?getCenter@?$RelativeConvex@VConvexHullV@Gu@physx@@@Gu@physx@@UEBA?AT__m128@@XZ 0000000180022590 f i GuOverlapTests.obj
 0001:00021590       ?getCenter@?$RelativeConvex@VBoxV@Gu@physx@@@Gu@physx@@UEBA?AT__m128@@XZ 0000000180022590 f i GuOverlapTests.obj
 0001:00021590       ?getCenter@?$RelativeConvex@VTriangleV@Gu@physx@@@Gu@physx@@UEBA?AT__m128@@XZ 0000000180022590 f i GuCCDSweepPrimitives.obj
 0001:00021590       ?getCenter@?$RelativeConvex@VConvexHullNoScaleV@Gu@physx@@@Gu@physx@@UEBA?AT__m128@@XZ 0000000180022590 f i GuPCMContactConvexConvex.obj
 0001:000215d0       ??_E?$RelativeConvex@VConvexHullV@Gu@physx@@@Gu@physx@@UEAAPEAXI@Z 00000001800225d0 f i GuOverlapTests.obj
 0001:000215d0       ??_E?$RelativeConvex@VCapsuleV@Gu@physx@@@Gu@physx@@UEAAPEAXI@Z 00000001800225d0 f i GuCCDSweepPrimitives.obj
 0001:000215d0       ??_G?$RelativeConvex@VBoxV@Gu@physx@@@Gu@physx@@UEAAPEAXI@Z 00000001800225d0 f i GuOverlapTests.obj
 0001:000215d0       ??_E?$RelativeConvex@VTriangleV@Gu@physx@@@Gu@physx@@UEAAPEAXI@Z 00000001800225d0 f i GuCCDSweepPrimitives.obj
 0001:000215d0       ??_E?$RelativeConvex@VBoxV@Gu@physx@@@Gu@physx@@UEAAPEAXI@Z 00000001800225d0 f i GuOverlapTests.obj
 0001:000215d0       ??_E?$RelativeConvex@VConvexHullNoScaleV@Gu@physx@@@Gu@physx@@UEAAPEAXI@Z 00000001800225d0 f i GuPCMContactConvexConvex.obj
 0001:000215d0       ??_G?$RelativeConvex@VConvexHullV@Gu@physx@@@Gu@physx@@UEAAPEAXI@Z 00000001800225d0 f i GuOverlapTests.obj
 0001:000215d0       ??_G?$RelativeConvex@VCapsuleV@Gu@physx@@@Gu@physx@@UEAAPEAXI@Z 00000001800225d0 f i GuCCDSweepPrimitives.obj
 0001:000215d0       ??_G?$RelativeConvex@VConvexHullNoScaleV@Gu@physx@@@Gu@physx@@UEAAPEAXI@Z 00000001800225d0 f i GuPCMContactConvexConvex.obj
 0001:000215d0       ??_G?$RelativeConvex@VTriangleV@Gu@physx@@@Gu@physx@@UEAAPEAXI@Z 00000001800225d0 f i GuCCDSweepPrimitives.obj
 0001:00023790       ?supportPoint@?$RelativeConvex@VConvexHullV@Gu@physx@@@Gu@physx@@UEBA?AT__m128@@H@Z 0000000180024790 f i GuOverlapTests.obj
 0001:00023810       ?support@?$RelativeConvex@VConvexHullV@Gu@physx@@@Gu@physx@@UEBA?AT__m128@@AEBT4@@Z 0000000180024810 f i GuOverlapTests.obj
 0001:00023940       ?support@?$RelativeConvex@VConvexHullV@Gu@physx@@@Gu@physx@@UEBA?AT__m128@@AEBT4@AEAH@Z 0000000180024940 f i GuOverlapTests.obj
 0001:00023aa0       ??$gjk@U?$RelativeConvex@VBoxV@Gu@physx@@@Gu@physx@@U?$LocalConvex@VConvexHullV@Gu@physx@@@23@@Gu@physx@@YA?AW4GjkStatus@01@AEBU?$RelativeConvex@VBoxV@Gu@physx@@@01@AEBU?$LocalConvex@VConvexHullV@Gu@physx@@@01@AEBT__m128@@2AEAT5@333@Z 0000000180024aa0 f i GuOverlapTests.obj
 0001:00024860       ??$gjk@U?$RelativeConvex@VConvexHullV@Gu@physx@@@Gu@physx@@U?$LocalConvex@VConvexHullV@Gu@physx@@@23@@Gu@physx@@YA?AW4GjkStatus@01@AEBU?$RelativeConvex@VConvexHullV@Gu@physx@@@01@AEBU?$LocalConvex@VConvexHullV@Gu@physx@@@01@AEBT__m128@@2AEAT5@333@Z 0000000180025860 f i GuOverlapTests.obj
 0001:000256f0       ?ComputeCubemapNearestOffset@physx@@YAIAEBVPxVec3@1@I@Z 00000001800266f0 f i GuOverlapTests.obj
 0001:000257f0       ?getOverlapFuncTable@Gu@physx@@YAPEAY06Q6A_NAEBVPxGeometry@2@AEBVPxTransform@2@01PEAUTriggerCache@12@@ZXZ 00000001800267f0 f   GuOverlapTests.obj
 0001:00027280       ?registerHeightFields@Gu@physx@@YAXXZ 0000000180028280 f   GuOverlapTests.obj
 0001:000272d0       ?raycast_box@@YAIAEBVPxGeometry@physx@@AEBVPxTransform@2@AEBVPxVec3@2@2MV?$PxFlags@W4Enum@PxHitFlag@physx@@G@2@IPEIAUPxRaycastHit@2@@Z 00000001800282d0 f   GuRaycastTests.obj
 0001:00027900       ?raycast_sphere@@YAIAEBVPxGeometry@physx@@AEBVPxTransform@2@AEBVPxVec3@2@2MV?$PxFlags@W4Enum@PxHitFlag@physx@@G@2@IPEIAUPxRaycastHit@2@@Z 0000000180028900 f   GuRaycastTests.obj
 0001:00027a90       ?raycast_capsule@@YAIAEBVPxGeometry@physx@@AEBVPxTransform@2@AEBVPxVec3@2@2MV?$PxFlags@W4Enum@PxHitFlag@physx@@G@2@IPEIAUPxRaycastHit@2@@Z 0000000180028a90 f   GuRaycastTests.obj
 0001:00027ff0       ?raycast_plane@@YAIAEBVPxGeometry@physx@@AEBVPxTransform@2@AEBVPxVec3@2@2MV?$PxFlags@W4Enum@PxHitFlag@physx@@G@2@IPEIAUPxRaycastHit@2@@Z 0000000180028ff0 f   GuRaycastTests.obj
 0001:00028160       ?raycast_convexMesh@@YAIAEBVPxGeometry@physx@@AEBVPxTransform@2@AEBVPxVec3@2@2MV?$PxFlags@W4Enum@PxHitFlag@physx@@G@2@IPEIAUPxRaycastHit@2@@Z 0000000180029160 f   GuRaycastTests.obj
 0001:00028c90       ?raycast_triangleMesh@@YAIAEBVPxGeometry@physx@@AEBVPxTransform@2@AEBVPxVec3@2@2MV?$PxFlags@W4Enum@PxHitFlag@physx@@G@2@IPEIAUPxRaycastHit@2@@Z 0000000180029c90 f   GuRaycastTests.obj
 0001:00029fb0       ??Dphysx@@YA?AVMatrix34@Cm@0@AEBVPxMeshScale@0@AEBVPxTransform@0@@Z 000000018002afb0 f i GuRaycastTests.obj
 0001:0002abf0       ?getRaycastFuncTable@Gu@physx@@YAAEAY06Q6AIAEBVPxGeometry@2@AEBVPxTransform@2@AEBVPxVec3@2@2MV?$PxFlags@W4Enum@PxHitFlag@physx@@G@2@IPEIAUPxRaycastHit@2@@ZXZ 000000018002bbf0 f   GuRaycastTests.obj
 0001:0002ac00       ?raycast_heightField@@YAIAEBVPxGeometry@physx@@AEBVPxTransform@2@AEBVPxVec3@2@2MV?$PxFlags@W4Enum@PxHitFlag@physx@@G@2@IPEIAUPxRaycastHit@2@@Z 000000018002bc00 f   GuRaycastTests.obj
 0001:0002b340       ?registerHeightFields_Raycasts@@YAXXZ 000000018002c340 f   GuRaycastTests.obj
 0001:0002b350       ?ReadHeader@Gu@physx@@YA_NEEEEAEAIAEA_NAEAVPxInputStream@2@@Z 000000018002c350 f   GuSerialize.obj
 0001:0002b4b0       ?ReadIndices@Gu@physx@@YAXGIPEAGAEAVPxInputStream@2@_N@Z 000000018002c4b0 f   GuSerialize.obj
 0001:0002b600       ?StoreIndices@Gu@physx@@YAXGIPEBGAEAVPxOutputStream@2@_N@Z 000000018002c600 f   GuSerialize.obj
 0001:0002b6c0       ?StoreIndices@Gu@physx@@YAXIIPEBIAEAVPxOutputStream@2@_N@Z 000000018002c6c0 f   GuSerialize.obj
 0001:0002b7e0       ?WriteHeader@Gu@physx@@YA_NEEEEI_NAEAVPxOutputStream@2@@Z 000000018002c7e0 f   GuSerialize.obj
 0001:0002b910       ?computeMaxIndex@physx@@YAGPEBGI@Z 000000018002c910 f   GuSerialize.obj
 0001:0002b940       ?computeMaxIndex@physx@@YAIPEBII@Z 000000018002c940 f   GuSerialize.obj
 0001:0002b970       ?readChunk@physx@@YAXAEAC000AEAVPxInputStream@1@@Z 000000018002c970 f   GuSerialize.obj
 0001:0002b9f0       ?readDword@physx@@YAI_NAEAVPxInputStream@1@@Z 000000018002c9f0 f   GuSerialize.obj
 0001:0002ba50       ?readFloat@physx@@YAM_NAEAVPxInputStream@1@@Z 000000018002ca50 f   GuSerialize.obj
 0001:0002bab0       ?readFloatBuffer@physx@@YA_NPEAMI_NAEAVPxInputStream@1@@Z 000000018002cab0 f   GuSerialize.obj
 0001:0002bb30       ?readHeader@physx@@YA_NCCCCAEAIAEA_NAEAVPxInputStream@1@@Z 000000018002cb30 f   GuSerialize.obj
 0001:0002bc80       ?readIndices@physx@@YAXIIPEAIAEAVPxInputStream@1@_N@Z 000000018002cc80 f   GuSerialize.obj
 0001:0002bd70       ?readWord@physx@@YAG_NAEAVPxInputStream@1@@Z 000000018002cd70 f   GuSerialize.obj
 0001:0002bdb0       ?readWordBuffer@physx@@YAXPEAGI_NAEAVPxInputStream@1@@Z 000000018002cdb0 f   GuSerialize.obj
 0001:0002be20       ?storeIndices@physx@@YAXIIPEBIAEAVPxOutputStream@1@_N@Z 000000018002ce20 f   GuSerialize.obj
 0001:0002bf10       ?writeDword@physx@@YAXI_NAEAVPxOutputStream@1@@Z 000000018002cf10 f   GuSerialize.obj
 0001:0002bf60       ?writeFloat@physx@@YAXM_NAEAVPxOutputStream@1@@Z 000000018002cf60 f   GuSerialize.obj
 0001:0002bfb0       ?writeFloatBuffer@physx@@YAXPEBMI_NAEAVPxOutputStream@1@@Z 000000018002cfb0 f   GuSerialize.obj
 0001:0002c050       ?writeHeader@physx@@YA_NCCCCI_NAEAVPxOutputStream@1@@Z 000000018002d050 f   GuSerialize.obj
 0001:0002c180       ?writeWord@physx@@YAXG_NAEAVPxOutputStream@1@@Z 000000018002d180 f   GuSerialize.obj
 0001:0002c1c0       ?writeWordBuffer@physx@@YAXPEBGI_NAEAVPxOutputStream@1@@Z 000000018002d1c0 f   GuSerialize.obj
 0001:0002c240       ??Dphysx@@YA?AVMatrix34@Cm@0@AEBVPxTransform@0@AEBVPxMeshScale@0@@Z 000000018002d240 f i GuSweepMTD.obj
 0001:0002c890       ??_E?$MeshHitCallback@UPxRaycastHit@physx@@@Gu@physx@@UEAAPEAXI@Z 000000018002d890 f i GuSweepMTD.obj
 0001:0002c890       ??_G?$MeshHitCallback@UPxRaycastHit@physx@@@Gu@physx@@UEAAPEAXI@Z 000000018002d890 f i GuSweepMTD.obj
 0001:0002c8c0       ??_GMeshMTDGenerationCallback@@UEAAPEAXI@Z 000000018002d8c0 f i GuSweepMTD.obj
 0001:0002c8c0       ??_EMeshMTDGenerationCallback@@UEAAPEAXI@Z 000000018002d8c0 f i GuSweepMTD.obj
 0001:0002c8f0       ??_GMidPhaseQueryLocalReport@@UEAAPEAXI@Z 000000018002d8f0 f i GuSweepMTD.obj
 0001:0002c8f0       ??_EMidPhaseQueryLocalReport@@UEAAPEAXI@Z 000000018002d8f0 f i GuSweepMTD.obj
 0001:0002c920       ?allocate@?$ReflectionAllocator@I@shdfnd@physx@@QEAAPEAX_KPEBDH@Z 000000018002d920 f i GuSweepMTD.obj
 0001:0002c9c0       ?computeBox_HeightFieldMTD@Gu@physx@@YA_NAEBVPxHeightFieldGeometry@2@AEBVPxTransform@2@AEBVBox@12@1M_NIAEAUPxSweepHit@2@@Z 000000018002d9c0 f   GuSweepMTD.obj
 0001:0002d840       ?computeBox_TriangleMeshMTD@Gu@physx@@YA_NAEBVPxTriangleMeshGeometry@2@AEBVPxTransform@2@AEBVBox@12@1M_NAEAUPxSweepHit@2@@Z 000000018002e840 f   GuSweepMTD.obj
 0001:0002e480       ?computeCapsule_CapsuleMTD@Gu@physx@@YA_NAEBVCapsule@12@0AEAUPxSweepHit@2@@Z 000000018002f480 f   GuSweepMTD.obj
 0001:0002e6c0       ?computeCapsule_HeightFieldMTD@Gu@physx@@YA_NAEBVPxHeightFieldGeometry@2@AEBVPxTransform@2@AEAVCapsuleV@12@M_NIAEAUPxSweepHit@2@@Z 000000018002f6c0 f   GuSweepMTD.obj
 0001:0002eed0       ?computeCapsule_TriangleMeshMTD@Gu@physx@@YA_NAEBVPxTriangleMeshGeometry@2@AEBVPxTransform@2@AEAVCapsuleV@12@M_NAEAUPxSweepHit@2@@Z 000000018002fed0 f   GuSweepMTD.obj
 0001:0002f770       ?computeConvex_HeightFieldMTD@Gu@physx@@YA_NAEBVPxHeightFieldGeometry@2@AEBVPxTransform@2@AEBVPxConvexMeshGeometry@2@1M_NIAEAUPxSweepHit@2@@Z 0000000180030770 f   GuSweepMTD.obj
 0001:00030ae0       ?computeConvex_TriangleMeshMTD@Gu@physx@@YA_NAEBVPxTriangleMeshGeometry@2@AEBVPxTransform@2@AEBVPxConvexMeshGeometry@2@1M_NAEAUPxSweepHit@2@@Z 0000000180031ae0 f   GuSweepMTD.obj
 0001:00031d10       ?computePlane_BoxMTD@Gu@physx@@YA_NAEBVPxPlane@2@AEBVBox@12@AEAUPxSweepHit@2@@Z 0000000180032d10 f   GuSweepMTD.obj
 0001:00032040       ?computePlane_CapsuleMTD@Gu@physx@@YA_NAEBVPxPlane@2@AEBVCapsule@12@AEAUPxSweepHit@2@@Z 0000000180033040 f   GuSweepMTD.obj
 0001:00032160       ?computePlane_ConvexMTD@Gu@physx@@YA_NAEBVPxPlane@2@AEBVPxConvexMeshGeometry@2@AEBVPxTransform@2@AEAUPxSweepHit@2@@Z 0000000180033160 f   GuSweepMTD.obj
 0001:00032cd0       ?computeSphere_CapsuleMTD@Gu@physx@@YA_NAEBVSphere@12@AEBVCapsule@12@AEAUPxSweepHit@2@@Z 0000000180033cd0 f   GuSweepMTD.obj
 0001:00032e80       ?computeSphere_SphereMTD@Gu@physx@@YA_NAEBVSphere@12@0AEAUPxSweepHit@2@@Z 0000000180033e80 f   GuSweepMTD.obj
 0001:00032f70       ?getInverse@PxMat33@physx@@QEBA?BV12@XZ 0000000180033f70 f i GuSweepMTD.obj
 0001:000331c0       ?growAndPushBack@?$Array@IV?$ReflectionAllocator@I@shdfnd@physx@@@shdfnd@physx@@IEAAAEAIAEBI@Z 00000001800341c0 f i GuSweepMTD.obj
 0001:00033290       ?init@FastVertex2ShapeScaling@Cm@physx@@QEAAXAEBVPxVec3@3@AEBVPxQuat@3@@Z 0000000180034290 f i GuSweepMTD.obj
 0001:00033670       ?onEvent@MidPhaseQueryLocalReport@@UEAA_NIPEAI@Z 0000000180034670 f i GuSweepMTD.obj
 0001:000336e0       ?processHit@MeshMTDGenerationCallback@@UEAA_NAEBUPxRaycastHit@physx@@AEBVPxVec3@3@11AEAMPEBI@Z 00000001800346e0 f i GuSweepMTD.obj
 0001:00033730       ?recreate@?$Array@IV?$ReflectionAllocator@I@shdfnd@physx@@@shdfnd@physx@@IEAAXI@Z 0000000180034730 f i GuSweepMTD.obj
 0001:000337f0       ??$gjkPenetration@U?$LocalConvex@VCapsuleV@Gu@physx@@@Gu@physx@@U?$LocalConvex@VConvexHullV@Gu@physx@@@23@@Gu@physx@@YA?AW4GjkStatus@01@AEBU?$LocalConvex@VCapsuleV@Gu@physx@@@01@AEBU?$LocalConvex@VConvexHullV@Gu@physx@@@01@AEBT__m128@@2_NPEIAE4AEAEAEAUGjkOutput@01@@Z 00000001800347f0 f i GuSweepSharedTests.obj
 0001:00034dc0       ??$gjkPenetration@U?$RelativeConvex@VBoxV@Gu@physx@@@Gu@physx@@U?$LocalConvex@VConvexHullV@Gu@physx@@@23@@Gu@physx@@YA?AW4GjkStatus@01@AEBU?$RelativeConvex@VBoxV@Gu@physx@@@01@AEBU?$LocalConvex@VConvexHullV@Gu@physx@@@01@AEBT__m128@@2_NPEIAE4AEAEAEAUGjkOutput@01@@Z 0000000180035dc0 f i GuSweepSharedTests.obj
 0001:000363b0       ??$gjkPenetration@U?$RelativeConvex@VConvexHullV@Gu@physx@@@Gu@physx@@U?$LocalConvex@VConvexHullV@Gu@physx@@@23@@Gu@physx@@YA?AW4GjkStatus@01@AEBU?$RelativeConvex@VConvexHullV@Gu@physx@@@01@AEBU?$LocalConvex@VConvexHullV@Gu@physx@@@01@AEBT__m128@@2_NPEIAE4AEAEAEAUGjkOutput@01@@Z 00000001800373b0 f i GuSweepSharedTests.obj
 0001:00037a10       ??$gjkRaycast@U?$LocalConvex@VCapsuleV@Gu@physx@@@Gu@physx@@U?$LocalConvex@VConvexHullV@Gu@physx@@@23@@Gu@physx@@YA_NAEBU?$LocalConvex@VCapsuleV@Gu@physx@@@01@AEBU?$LocalConvex@VConvexHullV@Gu@physx@@@01@AEBT__m128@@222AEAT4@33M@Z 0000000180038a10 f i GuSweepSharedTests.obj
 0001:00038760       ??$gjkRaycast@U?$RelativeConvex@VBoxV@Gu@physx@@@Gu@physx@@U?$LocalConvex@VConvexHullV@Gu@physx@@@23@@Gu@physx@@YA_NAEBU?$RelativeConvex@VBoxV@Gu@physx@@@01@AEBU?$LocalConvex@VConvexHullV@Gu@physx@@@01@AEBT__m128@@222AEAT4@33M@Z 0000000180039760 f i GuSweepSharedTests.obj
 0001:00039520       ??$gjkRaycast@U?$RelativeConvex@VConvexHullV@Gu@physx@@@Gu@physx@@U?$LocalConvex@VConvexHullV@Gu@physx@@@23@@Gu@physx@@YA_NAEBU?$RelativeConvex@VConvexHullV@Gu@physx@@@01@AEBU?$LocalConvex@VConvexHullV@Gu@physx@@@01@AEBT__m128@@222AEAT4@33M@Z 000000018003a520 f i GuSweepSharedTests.obj
 0001:0003a3b0       ??$gjkRaycastPenetration@U?$RelativeConvex@VConvexHullV@Gu@physx@@@Gu@physx@@U?$LocalConvex@VConvexHullV@Gu@physx@@@23@@Gu@physx@@YA_NAEBU?$RelativeConvex@VConvexHullV@Gu@physx@@@01@AEBU?$LocalConvex@VConvexHullV@Gu@physx@@@01@AEBT__m128@@222AEAT4@33M_N@Z 000000018003b3b0 f i GuSweepSharedTests.obj
 0001:0003afe0       ?sweepBox_ConvexGeom@@YA_NAEBVPxGeometry@physx@@AEBVPxTransform@2@AEBVPxBoxGeometry@2@1AEBVBox@Gu@2@AEBVPxVec3@2@MAEAUPxSweepHit@2@V?$PxFlags@W4Enum@PxHitFlag@physx@@G@2@M@Z 000000018003bfe0 f   GuSweepSharedTests.obj
 0001:0003be00       ?sweepBox_PlaneGeom@@YA_NAEBVPxGeometry@physx@@AEBVPxTransform@2@AEBVPxBoxGeometry@2@1AEBVBox@Gu@2@AEBVPxVec3@2@MAEAUPxSweepHit@2@V?$PxFlags@W4Enum@PxHitFlag@physx@@G@2@M@Z 000000018003ce00 f   GuSweepSharedTests.obj
 0001:0003c2a0       ?sweepCapsuleTriangles@Gu@physx@@YA_NIPEBVPxTriangle@2@_NAEBVPxCapsuleGeometry@2@AEBVPxTransform@2@AEBVPxVec3@2@MAEAUPxSweepHit@2@PEBIMV?$PxFlags@W4Enum@PxHitFlag@physx@@G@2@@Z 000000018003d2a0 f   GuSweepSharedTests.obj
 0001:0003c490       ?sweepCapsule_CapsuleGeom@@YA_NAEBVPxGeometry@physx@@AEBVPxTransform@2@AEBVPxCapsuleGeometry@2@1AEBVCapsule@Gu@2@AEBVPxVec3@2@MAEAUPxSweepHit@2@V?$PxFlags@W4Enum@PxHitFlag@physx@@G@2@M@Z 000000018003d490 f   GuSweepSharedTests.obj
 0001:0003c670       ?sweepCapsule_ConvexGeom@@YA_NAEBVPxGeometry@physx@@AEBVPxTransform@2@AEBVPxCapsuleGeometry@2@1AEBVCapsule@Gu@2@AEBVPxVec3@2@MAEAUPxSweepHit@2@V?$PxFlags@W4Enum@PxHitFlag@physx@@G@2@M@Z 000000018003d670 f   GuSweepSharedTests.obj
 0001:0003d400       ?sweepCapsule_PlaneGeom@@YA_NAEBVPxGeometry@physx@@AEBVPxTransform@2@AEBVPxCapsuleGeometry@2@1AEBVCapsule@Gu@2@AEBVPxVec3@2@MAEAUPxSweepHit@2@V?$PxFlags@W4Enum@PxHitFlag@physx@@G@2@M@Z 000000018003e400 f   GuSweepSharedTests.obj
 0001:0003d6f0       ?sweepCapsule_SphereGeom@@YA_NAEBVPxGeometry@physx@@AEBVPxTransform@2@AEBVPxCapsuleGeometry@2@1AEBVCapsule@Gu@2@AEBVPxVec3@2@MAEAUPxSweepHit@2@V?$PxFlags@W4Enum@PxHitFlag@physx@@G@2@M@Z 000000018003e6f0 f   GuSweepSharedTests.obj
 0001:0003d880       ?sweepConvex_BoxGeom@@YA_NAEBVPxGeometry@physx@@AEBVPxTransform@2@AEBVPxConvexMeshGeometry@2@1AEBVPxVec3@2@MAEAUPxSweepHit@2@V?$PxFlags@W4Enum@PxHitFlag@physx@@G@2@M@Z 000000018003e880 f   GuSweepSharedTests.obj
 0001:0003da90       ?sweepConvex_CapsuleGeom@@YA_NAEBVPxGeometry@physx@@AEBVPxTransform@2@AEBVPxConvexMeshGeometry@2@1AEBVPxVec3@2@MAEAUPxSweepHit@2@V?$PxFlags@W4Enum@PxHitFlag@physx@@G@2@M@Z 000000018003ea90 f   GuSweepSharedTests.obj
 0001:0003dcb0       ?sweepConvex_ConvexGeom@@YA_NAEBVPxGeometry@physx@@AEBVPxTransform@2@AEBVPxConvexMeshGeometry@2@1AEBVPxVec3@2@MAEAUPxSweepHit@2@V?$PxFlags@W4Enum@PxHitFlag@physx@@G@2@M@Z 000000018003ecb0 f   GuSweepSharedTests.obj
 0001:0003ec50       ?sweepConvex_PlaneGeom@@YA_NAEBVPxGeometry@physx@@AEBVPxTransform@2@AEBVPxConvexMeshGeometry@2@1AEBVPxVec3@2@MAEAUPxSweepHit@2@V?$PxFlags@W4Enum@PxHitFlag@physx@@G@2@M@Z 000000018003fc50 f   GuSweepSharedTests.obj
 0001:0003f0a0       ?sweepConvex_SphereGeom@@YA_NAEBVPxGeometry@physx@@AEBVPxTransform@2@AEBVPxConvexMeshGeometry@2@1AEBVPxVec3@2@MAEAUPxSweepHit@2@V?$PxFlags@W4Enum@PxHitFlag@physx@@G@2@M@Z 00000001800400a0 f   GuSweepSharedTests.obj
 0001:0003fcc0       ?sweepCapsule_BoxGeom@@YA_NAEBVPxGeometry@physx@@AEBVPxTransform@2@AEBVPxCapsuleGeometry@2@1AEBVCapsule@Gu@2@AEBVPxVec3@2@MAEAUPxSweepHit@2@V?$PxFlags@W4Enum@PxHitFlag@physx@@G@2@M@Z 0000000180040cc0 f   GuSweepTests.obj
 0001:000405b0       ?sweepBox_SphereGeom@@YA_NAEBVPxGeometry@physx@@AEBVPxTransform@2@AEBVPxBoxGeometry@2@1AEBVBox@Gu@2@AEBVPxVec3@2@MAEAUPxSweepHit@2@V?$PxFlags@W4Enum@PxHitFlag@physx@@G@2@M@Z 00000001800415b0 f   GuSweepTests.obj
 0001:00040c80       ?sweepBox_CapsuleGeom@@YA_NAEBVPxGeometry@physx@@AEBVPxTransform@2@AEBVPxBoxGeometry@2@1AEBVBox@Gu@2@AEBVPxVec3@2@MAEAUPxSweepHit@2@V?$PxFlags@W4Enum@PxHitFlag@physx@@G@2@M@Z 0000000180041c80 f   GuSweepTests.obj
 0001:00041580       ?sweepBox_BoxGeom@@YA_NAEBVPxGeometry@physx@@AEBVPxTransform@2@AEBVPxBoxGeometry@2@1AEBVBox@Gu@2@AEBVPxVec3@2@MAEAUPxSweepHit@2@V?$PxFlags@W4Enum@PxHitFlag@physx@@G@2@M@Z 0000000180042580 f   GuSweepTests.obj
 0001:00041f20       ??$gjkPenetration@U?$LocalConvex@VCapsuleV@Gu@physx@@@Gu@physx@@U?$LocalConvex@VBoxV@Gu@physx@@@23@@Gu@physx@@YA?AW4GjkStatus@01@AEBU?$LocalConvex@VCapsuleV@Gu@physx@@@01@AEBU?$LocalConvex@VBoxV@Gu@physx@@@01@AEBT__m128@@2_NPEIAE4AEAEAEAUGjkOutput@01@@Z 0000000180042f20 f i GuSweepTests.obj
 0001:00043440       ??$gjkPenetration@U?$RelativeConvex@VBoxV@Gu@physx@@@Gu@physx@@U?$LocalConvex@VBoxV@Gu@physx@@@23@@Gu@physx@@YA?AW4GjkStatus@01@AEBU?$RelativeConvex@VBoxV@Gu@physx@@@01@AEBU?$LocalConvex@VBoxV@Gu@physx@@@01@AEBT__m128@@2_NPEIAE4AEAEAEAUGjkOutput@01@@Z 0000000180044440 f i GuSweepTests.obj
 0001:00044980       ??$gjkRaycast@U?$LocalConvex@VCapsuleV@Gu@physx@@@Gu@physx@@U?$LocalConvex@VBoxV@Gu@physx@@@23@@Gu@physx@@YA_NAEBU?$LocalConvex@VCapsuleV@Gu@physx@@@01@AEBU?$LocalConvex@VBoxV@Gu@physx@@@01@AEBT__m128@@222AEAT4@33M@Z 0000000180045980 f i GuSweepTests.obj
 0001:00045560       ??$gjkRaycast@U?$LocalConvex@VTriangleV@Gu@physx@@@Gu@physx@@U?$LocalConvex@VBoxV@Gu@physx@@@23@@Gu@physx@@YA_NAEBU?$LocalConvex@VTriangleV@Gu@physx@@@01@AEBU?$LocalConvex@VBoxV@Gu@physx@@@01@AEBT__m128@@222AEAT4@33M@Z 0000000180046560 f i GuSweepTests.obj
 0001:000461b0       ??$gjkRaycast@U?$RelativeConvex@VBoxV@Gu@physx@@@Gu@physx@@U?$LocalConvex@VBoxV@Gu@physx@@@23@@Gu@physx@@YA_NAEBU?$RelativeConvex@VBoxV@Gu@physx@@@01@AEBU?$LocalConvex@VBoxV@Gu@physx@@@01@AEBT__m128@@222AEAT4@33M@Z 00000001800471b0 f i GuSweepTests.obj
 0001:00046df0       ?getSweepFuncTable@Gu@physx@@YAAEBUGeomSweepFuncs@12@XZ 0000000180047df0 f   GuSweepTests.obj
 0001:00046e00       ?getSweepMargin@?$LocalConvex@VTriangleV@Gu@physx@@@Gu@physx@@UEBA?AT__m128@@XZ 0000000180047e00 f i GuSweepTests.obj
 0001:00046e00       ?getSweepMargin@?$RelativeConvex@VTriangleV@Gu@physx@@@Gu@physx@@UEBA?AT__m128@@XZ 0000000180047e00 f i GuCCDSweepPrimitives.obj
 0001:00046e10       ?registerHeightFields_Sweeps@@YAXXZ 0000000180047e10 f   GuSweepTests.obj
 0001:00046e50       ?support@?$LocalConvex@VBoxV@Gu@physx@@@Gu@physx@@UEBA?AT__m128@@AEBT4@@Z 0000000180047e50 f i GuSweepTests.obj
[...]
 0003:00002ff0       ?minV3Error@_VecMathTests@aos@shdfnd@physx@@3T__m128@@B 0000000180139ff0     GuPCMContactConvexConvex.obj
 0003:00003000       ?maxFError@_VecMathTests@aos@shdfnd@physx@@3T__m128@@B 000000018013a000     GuPCMContactConvexConvex.obj
 0003:00003010       ?maxV3Error@_VecMathTests@aos@shdfnd@physx@@3T__m128@@B 000000018013a010     GuPCMContactConvexHeightField.obj
 0003:00003020       ?minFError@_VecMathTests@aos@shdfnd@physx@@3T__m128@@B 000000018013a020     GuPCMContactConvexHeightField.obj
 0003:00003030       ?maxV4Error@_VecMathTests@aos@shdfnd@physx@@3T__m128@@B 000000018013a030     GuPCMContactConvexHeightField.obj
 0003:00003040       ?minV4Error@_VecMathTests@aos@shdfnd@physx@@3T__m128@@B 000000018013a040     GuPCMContactConvexHeightField.obj
 0003:00003050       ?minV3Error@_VecMathTests@aos@shdfnd@physx@@3T__m128@@B 000000018013a050     GuPCMContactConvexHeightField.obj
 0003:00003060       ?maxFError@_VecMathTests@aos@shdfnd@physx@@3T__m128@@B 000000018013a060     GuPCMContactConvexHeightField.obj
 0003:00003070       ?maxV3Error@_VecMathTests@aos@shdfnd@physx@@3T__m128@@B 000000018013a070     GuPCMContactConvexMesh.obj
 0003:00003080       ?minFError@_VecMathTests@aos@shdfnd@physx@@3T__m128@@B 000000018013a080     GuPCMContactConvexMesh.obj
 0003:00003090       ?maxV4Error@_VecMathTests@aos@shdfnd@physx@@3T__m128@@B 000000018013a090     GuPCMContactConvexMesh.obj
 0003:000030a0       ?minV4Error@_VecMathTests@aos@shdfnd@physx@@3T__m128@@B 000000018013a0a0     GuPCMContactConvexMesh.obj
 0003:000030b0       ?minV3Error@_VecMathTests@aos@shdfnd@physx@@3T__m128@@B 000000018013a0b0     GuPCMContactConvexMesh.obj
 0003:000030c0       ?maxFError@_VecMathTests@aos@shdfnd@physx@@3T__m128@@B 000000018013a0c0     GuPCMContactConvexMesh.obj
 0003:000030d0       ?maxV3Error@_VecMathTests@aos@shdfnd@physx@@3T__m128@@B 000000018013a0d0     GuPCMContactGenBoxConvex.obj
 0003:000030e0       ?minFError@_VecMathTests@aos@shdfnd@physx@@3T__m128@@B 000000018013a0e0     GuPCMContactGenBoxConvex.obj
 0003:000030f0       ?maxV4Error@_VecMathTests@aos@shdfnd@physx@@3T__m128@@B 000000018013a0f0     GuPCMContactGenBoxConvex.obj
 0003:00003100       ?minV4Error@_VecMathTests@aos@shdfnd@physx@@3T__m128@@B 000000018013a100     GuPCMContactGenBoxConvex.obj
 0003:00003110       ?minV3Error@_VecMathTests@aos@shdfnd@physx@@3T__m128@@B 000000018013a110     GuPCMContactGenBoxConvex.obj
 0003:00003120       ?maxFError@_VecMathTests@aos@shdfnd@physx@@3T__m128@@B 000000018013a120     GuPCMContactGenBoxConvex.obj
 0003:00003130       ?maxV3Error@_VecMathTests@aos@shdfnd@physx@@3T__m128@@B 000000018013a130     GuPCMContactGenSphereCapsule.obj
 0003:00003140       ?minFError@_VecMathTests@aos@shdfnd@physx@@3T__m128@@B 000000018013a140     GuPCMContactGenSphereCapsule.obj
 0003:00003150       ?maxV4Error@_VecMathTests@aos@shdfnd@physx@@3T__m128@@B 000000018013a150     GuPCMContactGenSphereCapsule.obj
 0003:00003160       ?minV4Error@_VecMathTests@aos@shdfnd@physx@@3T__m128@@B 000000018013a160     GuPCMContactGenSphereCapsule.obj
 0003:00003170       ?minV3Error@_VecMathTests@aos@shdfnd@physx@@3T__m128@@B 000000018013a170     GuPCMContactGenSphereCapsule.obj
 0003:00003180       ?maxFError@_VecMathTests@aos@shdfnd@physx@@3T__m128@@B 000000018013a180     GuPCMContactGenSphereCapsule.obj
 0003:00003190       ?maxV3Error@_VecMathTests@aos@shdfnd@physx@@3T__m128@@B 000000018013a190     GuPCMContactPlaneBox.obj
 0003:000031a0       ?minFError@_VecMathTests@aos@shdfnd@physx@@3T__m128@@B 000000018013a1a0     GuPCMContactPlaneBox.obj
 0003:000031b0       ?maxV4Error@_VecMathTests@aos@shdfnd@physx@@3T__m128@@B 000000018013a1b0     GuPCMContactPlaneBox.obj
 0003:000031c0       ?minV4Error@_VecMathTests@aos@shdfnd@physx@@3T__m128@@B 000000018013a1c0     GuPCMContactPlaneBox.obj
 0003:000031d0       ?minV3Error@_VecMathTests@aos@shdfnd@physx@@3T__m128@@B 000000018013a1d0     GuPCMContactPlaneBox.obj
 0003:000031e0       ?maxFError@_VecMathTests@aos@shdfnd@physx@@3T__m128@@B 000000018013a1e0     GuPCMContactPlaneBox.obj
 0003:000031f0       ?maxV3Error@_VecMathTests@aos@shdfnd@physx@@3T__m128@@B 000000018013a1f0     GuPCMContactPlaneCapsule.obj
 0003:00003200       ?minFError@_VecMathTests@aos@shdfnd@physx@@3T__m128@@B 000000018013a200     GuPCMContactPlaneCapsule.obj
 0003:00003210       ?maxV4Error@_VecMathTests@aos@shdfnd@physx@@3T__m128@@B 000000018013a210     GuPCMContactPlaneCapsule.obj
 0003:00003220       ?minV4Error@_VecMathTests@aos@shdfnd@physx@@3T__m128@@B 000000018013a220     GuPCMContactPlaneCapsule.obj
 0003:00003230       ?minV3Error@_VecMathTests@aos@shdfnd@physx@@3T__m128@@B 000000018013a230     GuPCMContactPlaneCapsule.obj
 0003:00003240       ?maxFError@_VecMathTests@aos@shdfnd@physx@@3T__m128@@B 000000018013a240     GuPCMContactPlaneCapsule.obj
 0003:00003250       ?maxV3Error@_VecMathTests@aos@shdfnd@physx@@3T__m128@@B 000000018013a250     GuPCMContactPlaneConvex.obj
 0003:00003260       ?minFError@_VecMathTests@aos@shdfnd@physx@@3T__m128@@B 000000018013a260     GuPCMContactPlaneConvex.obj
 0003:00003270       ?maxV4Error@_VecMathTests@aos@shdfnd@physx@@3T__m128@@B 000000018013a270     GuPCMContactPlaneConvex.obj
 0003:00003280       ?minV4Error@_VecMathTests@aos@shdfnd@physx@@3T__m128@@B 000000018013a280     GuPCMContactPlaneConvex.obj
 0003:00003290       ?minV3Error@_VecMathTests@aos@shdfnd@physx@@3T__m128@@B 000000018013a290     GuPCMContactPlaneConvex.obj
 0003:000032a0       ?maxFError@_VecMathTests@aos@shdfnd@physx@@3T__m128@@B 000000018013a2a0     GuPCMContactPlaneConvex.obj
 0003:000032b0       ?maxV3Error@_VecMathTests@aos@shdfnd@physx@@3T__m128@@B 000000018013a2b0     GuPCMContactSphereBox.obj
 0003:000032c0       ?minFError@_VecMathTests@aos@shdfnd@physx@@3T__m128@@B 000000018013a2c0     GuPCMContactSphereBox.obj
 0003:000032d0       ?maxV4Error@_VecMathTests@aos@shdfnd@physx@@3T__m128@@B 000000018013a2d0     GuPCMContactSphereBox.obj
 0003:000032e0       ?minV4Error@_VecMathTests@aos@shdfnd@physx@@3T__m128@@B 000000018013a2e0     GuPCMContactSphereBox.obj
 0003:000032f0       ?minV3Error@_VecMathTests@aos@shdfnd@physx@@3T__m128@@B 000000018013a2f0     GuPCMContactSphereBox.obj
 0003:00003300       ?maxFError@_VecMathTests@aos@shdfnd@physx@@3T__m128@@B 000000018013a300     GuPCMContactSphereBox.obj
 0003:00003310       ?maxV3Error@_VecMathTests@aos@shdfnd@physx@@3T__m128@@B 000000018013a310     GuPCMContactSphereCapsule.obj
 0003:00003320       ?minFError@_VecMathTests@aos@shdfnd@physx@@3T__m128@@B 000000018013a320     GuPCMContactSphereCapsule.obj
 0003:00003330       ?maxV4Error@_VecMathTests@aos@shdfnd@physx@@3T__m128@@B 000000018013a330     GuPCMContactSphereCapsule.obj
 0003:00003340       ?minV4Error@_VecMathTests@aos@shdfnd@physx@@3T__m128@@B 000000018013a340     GuPCMContactSphereCapsule.obj
 0003:00003350       ?minV3Error@_VecMathTests@aos@shdfnd@physx@@3T__m128@@B 000000018013a350     GuPCMContactSphereCapsule.obj
 0003:00003360       ?maxFError@_VecMathTests@aos@shdfnd@physx@@3T__m128@@B 000000018013a360     GuPCMContactSphereCapsule.obj
 0003:00003370       ?maxV3Error@_VecMathTests@aos@shdfnd@physx@@3T__m128@@B 000000018013a370     GuPCMContactSphereConvex.obj
 0003:00003380       ?minFError@_VecMathTests@aos@shdfnd@physx@@3T__m128@@B 000000018013a380     GuPCMContactSphereConvex.obj
 0003:00003390       ?maxV4Error@_VecMathTests@aos@shdfnd@physx@@3T__m128@@B 000000018013a390     GuPCMContactSphereConvex.obj
 0003:000033a0       ?minV4Error@_VecMathTests@aos@shdfnd@physx@@3T__m128@@B 000000018013a3a0     GuPCMContactSphereConvex.obj
 0003:000033b0       ?minV3Error@_VecMathTests@aos@shdfnd@physx@@3T__m128@@B 000000018013a3b0     GuPCMContactSphereConvex.obj
 0003:000033c0       ?maxFError@_VecMathTests@aos@shdfnd@physx@@3T__m128@@B 000000018013a3c0     GuPCMContactSphereConvex.obj
 0003:000033d0       ?maxV3Error@_VecMathTests@aos@shdfnd@physx@@3T__m128@@B 000000018013a3d0     GuPCMContactSphereHeightField.obj
 0003:000033e0       ?minFError@_VecMathTests@aos@shdfnd@physx@@3T__m128@@B 000000018013a3e0     GuPCMContactSphereHeightField.obj
 0003:000033f0       ?maxV4Error@_VecMathTests@aos@shdfnd@physx@@3T__m128@@B 000000018013a3f0     GuPCMContactSphereHeightField.obj
 0003:00003400       ?minV4Error@_VecMathTests@aos@shdfnd@physx@@3T__m128@@B 000000018013a400     GuPCMContactSphereHeightField.obj
 0003:00003410       ?minV3Error@_VecMathTests@aos@shdfnd@physx@@3T__m128@@B 000000018013a410     GuPCMContactSphereHeightField.obj
 0003:00003420       ?maxFError@_VecMathTests@aos@shdfnd@physx@@3T__m128@@B 000000018013a420     GuPCMContactSphereHeightField.obj
 0003:00003430       ?maxV3Error@_VecMathTests@aos@shdfnd@physx@@3T__m128@@B 000000018013a430     GuPCMContactSphereMesh.obj
 0003:00003440       ?minFError@_VecMathTests@aos@shdfnd@physx@@3T__m128@@B 000000018013a440     GuPCMContactSphereMesh.obj
 0003:00003450       ?maxV4Error@_VecMathTests@aos@shdfnd@physx@@3T__m128@@B 000000018013a450     GuPCMContactSphereMesh.obj
 0003:00003460       ?minV4Error@_VecMathTests@aos@shdfnd@physx@@3T__m128@@B 000000018013a460     GuPCMContactSphereMesh.obj
 0003:00003470       ?minV3Error@_VecMathTests@aos@shdfnd@physx@@3T__m128@@B 000000018013a470     GuPCMContactSphereMesh.obj
 0003:00003480       ?maxFError@_VecMathTests@aos@shdfnd@physx@@3T__m128@@B 000000018013a480     GuPCMContactSphereMesh.obj
 0003:00003490       ?maxV3Error@_VecMathTests@aos@shdfnd@physx@@3T__m128@@B 000000018013a490     GuPCMContactSpherePlane.obj
 0003:000034a0       ?minFError@_VecMathTests@aos@shdfnd@physx@@3T__m128@@B 000000018013a4a0     GuPCMContactSpherePlane.obj
 0003:000034b0       ?maxV4Error@_VecMathTests@aos@shdfnd@physx@@3T__m128@@B 000000018013a4b0     GuPCMContactSpherePlane.obj
 0003:000034c0       ?minV4Error@_VecMathTests@aos@shdfnd@physx@@3T__m128@@B 000000018013a4c0     GuPCMContactSpherePlane.obj
 0003:000034d0       ?minV3Error@_VecMathTests@aos@shdfnd@physx@@3T__m128@@B 000000018013a4d0     GuPCMContactSpherePlane.obj
 0003:000034e0       ?maxFError@_VecMathTests@aos@shdfnd@physx@@3T__m128@@B 000000018013a4e0     GuPCMContactSpherePlane.obj
 0003:000034f0       ?maxV3Error@_VecMathTests@aos@shdfnd@physx@@3T__m128@@B 000000018013a4f0     GuPCMContactSphereSphere.obj
 0003:00003500       ?minFError@_VecMathTests@aos@shdfnd@physx@@3T__m128@@B 000000018013a500     GuPCMContactSphereSphere.obj
 0003:00003510       ?maxV4Error@_VecMathTests@aos@shdfnd@physx@@3T__m128@@B 000000018013a510     GuPCMContactSphereSphere.obj
 0003:00003520       ?minV4Error@_VecMathTests@aos@shdfnd@physx@@3T__m128@@B 000000018013a520     GuPCMContactSphereSphere.obj
 0003:00003530       ?minV3Error@_VecMathTests@aos@shdfnd@physx@@3T__m128@@B 000000018013a530     GuPCMContactSphereSphere.obj
 0003:00003540       ?maxFError@_VecMathTests@aos@shdfnd@physx@@3T__m128@@B 000000018013a540     GuPCMContactSphereSphere.obj
 0003:00003550       ?maxV3Error@_VecMathTests@aos@shdfnd@physx@@3T__m128@@B 000000018013a550     GuPCMShapeConvex.obj
 0003:00003560       ?minFError@_VecMathTests@aos@shdfnd@physx@@3T__m128@@B 000000018013a560     GuPCMShapeConvex.obj
 0003:00003570       ?maxV4Error@_VecMathTests@aos@shdfnd@physx@@3T__m128@@B 000000018013a570     GuPCMShapeConvex.obj
 0003:00003580       ?minV4Error@_VecMathTests@aos@shdfnd@physx@@3T__m128@@B 000000018013a580     GuPCMShapeConvex.obj
 0003:00003590       ?minV3Error@_VecMathTests@aos@shdfnd@physx@@3T__m128@@B 000000018013a590     GuPCMShapeConvex.obj
 0003:000035a0       ?maxFError@_VecMathTests@aos@shdfnd@physx@@3T__m128@@B 000000018013a5a0     GuPCMShapeConvex.obj
 0003:000035b0       ?maxV3Error@_VecMathTests@aos@shdfnd@physx@@3T__m128@@B 000000018013a5b0     GuPCMTriangleContactGen.obj
 0003:000035c0       ?minFError@_VecMathTests@aos@shdfnd@physx@@3T__m128@@B 000000018013a5c0     GuPCMTriangleContactGen.obj
 0003:000035d0       ?maxV4Error@_VecMathTests@aos@shdfnd@physx@@3T__m128@@B 000000018013a5d0     GuPCMTriangleContactGen.obj
 0003:000035e0       ?minV4Error@_VecMathTests@aos@shdfnd@physx@@3T__m128@@B 000000018013a5e0     GuPCMTriangleContactGen.obj
 0003:000035f0       ?minV3Error@_VecMathTests@aos@shdfnd@physx@@3T__m128@@B 000000018013a5f0     GuPCMTriangleContactGen.obj
 0003:00003600       ?maxFError@_VecMathTests@aos@shdfnd@physx@@3T__m128@@B 000000018013a600     GuPCMTriangleContactGen.obj
 0003:00003610       ?maxV3Error@_VecMathTests@aos@shdfnd@physx@@3T__m128@@B 000000018013a610     GuPersistentContactManifold.obj
 0003:00003620       ?minFError@_VecMathTests@aos@shdfnd@physx@@3T__m128@@B 000000018013a620     GuPersistentContactManifold.obj
 0003:00003630       ?maxV4Error@_VecMathTests@aos@shdfnd@physx@@3T__m128@@B 000000018013a630     GuPersistentContactManifold.obj
 0003:00003640       ?minV4Error@_VecMathTests@aos@shdfnd@physx@@3T__m128@@B 000000018013a640     GuPersistentContactManifold.obj
 0003:00003650       ?minV3Error@_VecMathTests@aos@shdfnd@physx@@3T__m128@@B 000000018013a650     GuPersistentContactManifold.obj
 0003:00003660       ?maxFError@_VecMathTests@aos@shdfnd@physx@@3T__m128@@B 000000018013a660     GuPersistentContactManifold.obj
 0003:00003670       ?maxV3Error@_VecMathTests@aos@shdfnd@physx@@3T__m128@@B 000000018013a670     GuSweepBoxBox.obj
 0003:00003680       ?minFError@_VecMathTests@aos@shdfnd@physx@@3T__m128@@B 000000018013a680     GuSweepBoxBox.obj
 0003:00003690       ?maxV4Error@_VecMathTests@aos@shdfnd@physx@@3T__m128@@B 000000018013a690     GuSweepBoxBox.obj
 0003:000036a0       ?minV4Error@_VecMathTests@aos@shdfnd@physx@@3T__m128@@B 000000018013a6a0     GuSweepBoxBox.obj
 0003:000036b0       ?minV3Error@_VecMathTests@aos@shdfnd@physx@@3T__m128@@B 000000018013a6b0     GuSweepBoxBox.obj
 0003:000036c0       ?maxFError@_VecMathTests@aos@shdfnd@physx@@3T__m128@@B 000000018013a6c0     GuSweepBoxBox.obj
 0003:000036d0       ?maxV3Error@_VecMathTests@aos@shdfnd@physx@@3T__m128@@B 000000018013a6d0     GuSweepBoxSphere.obj
 0003:000036e0       ?minFError@_VecMathTests@aos@shdfnd@physx@@3T__m128@@B 000000018013a6e0     GuSweepBoxSphere.obj
 0003:000036f0       ?maxV4Error@_VecMathTests@aos@shdfnd@physx@@3T__m128@@B 000000018013a6f0     GuSweepBoxSphere.obj
 0003:00003700       ?minV4Error@_VecMathTests@aos@shdfnd@physx@@3T__m128@@B 000000018013a700     GuSweepBoxSphere.obj
 0003:00003710       ?minV3Error@_VecMathTests@aos@shdfnd@physx@@3T__m128@@B 000000018013a710     GuSweepBoxSphere.obj
 0003:00003720       ?maxFError@_VecMathTests@aos@shdfnd@physx@@3T__m128@@B 000000018013a720     GuSweepBoxSphere.obj
 0003:00003730       ?maxV3Error@_VecMathTests@aos@shdfnd@physx@@3T__m128@@B 000000018013a730     GuSweepBoxTriangle_FeatureBased.obj
 0003:00003740       ?minFError@_VecMathTests@aos@shdfnd@physx@@3T__m128@@B 000000018013a740     GuSweepBoxTriangle_FeatureBased.obj
 0003:00003750       ?maxV4Error@_VecMathTests@aos@shdfnd@physx@@3T__m128@@B 000000018013a750     GuSweepBoxTriangle_FeatureBased.obj
 0003:00003760       ?minV4Error@_VecMathTests@aos@shdfnd@physx@@3T__m128@@B 000000018013a760     GuSweepBoxTriangle_FeatureBased.obj
 0003:00003770       ?minV3Error@_VecMathTests@aos@shdfnd@physx@@3T__m128@@B 000000018013a770     GuSweepBoxTriangle_FeatureBased.obj
 0003:00003780       ?maxFError@_VecMathTests@aos@shdfnd@physx@@3T__m128@@B 000000018013a780     GuSweepBoxTriangle_FeatureBased.obj
 0003:00003790       ?maxV3Error@_VecMathTests@aos@shdfnd@physx@@3T__m128@@B 000000018013a790     GuSweepBoxTriangle_SAT.obj
 0003:000037a0       ?minFError@_VecMathTests@aos@shdfnd@physx@@3T__m128@@B 000000018013a7a0     GuSweepBoxTriangle_SAT.obj
 0003:000037b0       ?maxV4Error@_VecMathTests@aos@shdfnd@physx@@3T__m128@@B 000000018013a7b0     GuSweepBoxTriangle_SAT.obj
 0003:000037c0       ?minV4Error@_VecMathTests@aos@shdfnd@physx@@3T__m128@@B 000000018013a7c0     GuSweepBoxTriangle_SAT.obj
 0003:000037d0       ?minV3Error@_VecMathTests@aos@shdfnd@physx@@3T__m128@@B 000000018013a7d0     GuSweepBoxTriangle_SAT.obj
 0003:000037e0       ?maxFError@_VecMathTests@aos@shdfnd@physx@@3T__m128@@B 000000018013a7e0     GuSweepBoxTriangle_SAT.obj
 0003:000037f0       ?maxV3Error@_VecMathTests@aos@shdfnd@physx@@3T__m128@@B 000000018013a7f0     GuSweepCapsuleBox.obj
 0003:00003800       ?minFError@_VecMathTests@aos@shdfnd@physx@@3T__m128@@B 000000018013a800     GuSweepCapsuleBox.obj
 0003:00003810       ?maxV4Error@_VecMathTests@aos@shdfnd@physx@@3T__m128@@B 000000018013a810     GuSweepCapsuleBox.obj
 0003:00003820       ?minV4Error@_VecMathTests@aos@shdfnd@physx@@3T__m128@@B 000000018013a820     GuSweepCapsuleBox.obj
 0003:00003830       ?minV3Error@_VecMathTests@aos@shdfnd@physx@@3T__m128@@B 000000018013a830     GuSweepCapsuleBox.obj
 0003:00003840       ?maxFError@_VecMathTests@aos@shdfnd@physx@@3T__m128@@B 000000018013a840     GuSweepCapsuleBox.obj
 0003:00003850       ?maxV3Error@_VecMathTests@aos@shdfnd@physx@@3T__m128@@B 000000018013a850     GuSweepCapsuleTriangle.obj
 0003:00003860       ?minFError@_VecMathTests@aos@shdfnd@physx@@3T__m128@@B 000000018013a860     GuSweepCapsuleTriangle.obj
 0003:00003870       ?maxV4Error@_VecMathTests@aos@shdfnd@physx@@3T__m128@@B 000000018013a870     GuSweepCapsuleTriangle.obj
 0003:00003880       ?minV4Error@_VecMathTests@aos@shdfnd@physx@@3T__m128@@B 000000018013a880     GuSweepCapsuleTriangle.obj
 0003:00003890       ?minV3Error@_VecMathTests@aos@shdfnd@physx@@3T__m128@@B 000000018013a890     GuSweepCapsuleTriangle.obj
 0003:000038a0       ?maxFError@_VecMathTests@aos@shdfnd@physx@@3T__m128@@B 000000018013a8a0     GuSweepCapsuleTriangle.obj
 0003:000038b0       ?maxV3Error@_VecMathTests@aos@shdfnd@physx@@3T__m128@@B 000000018013a8b0     GuSweepSphereTriangle.obj
 0003:000038c0       ?minFError@_VecMathTests@aos@shdfnd@physx@@3T__m128@@B 000000018013a8c0     GuSweepSphereTriangle.obj
 0003:000038d0       ?maxV4Error@_VecMathTests@aos@shdfnd@physx@@3T__m128@@B 000000018013a8d0     GuSweepSphereTriangle.obj
 0003:000038e0       ?minV4Error@_VecMathTests@aos@shdfnd@physx@@3T__m128@@B 000000018013a8e0     GuSweepSphereTriangle.obj
 0003:000038f0       ?minV3Error@_VecMathTests@aos@shdfnd@physx@@3T__m128@@B 000000018013a8f0     GuSweepSphereTriangle.obj
 0003:00003900       ?maxFError@_VecMathTests@aos@shdfnd@physx@@3T__m128@@B 000000018013a900     GuSweepSphereTriangle.obj
 0003:00003910       ?maxV3Error@_VecMathTests@aos@shdfnd@physx@@3T__m128@@B 000000018013a910     GuSweepTriangleUtils.obj
 0003:00003920       ?minFError@_VecMathTests@aos@shdfnd@physx@@3T__m128@@B 000000018013a920     GuSweepTriangleUtils.obj
 0003:00003930       ?maxV4Error@_VecMathTests@aos@shdfnd@physx@@3T__m128@@B 000000018013a930     GuSweepTriangleUtils.obj
 0003:00003940       ?minV4Error@_VecMathTests@aos@shdfnd@physx@@3T__m128@@B 000000018013a940     GuSweepTriangleUtils.obj
 0003:00003950       ?minV3Error@_VecMathTests@aos@shdfnd@physx@@3T__m128@@B 000000018013a950     GuSweepTriangleUtils.obj
 0003:00003960       ?maxFError@_VecMathTests@aos@shdfnd@physx@@3T__m128@@B 000000018013a960     GuSweepTriangleUtils.obj
 0003:000039c0       ?__proc_attached@@3HA      000000018013a9c0     MSVCRT:dll_dllmain.obj
 0003:000039f8       ?is_initialized_as_dll@@3_NA 000000018013a9f8     MSVCRT:utility.obj
 0003:000039f9       ?module_local_atexit_table_initialized@@3_NA 000000018013a9f9     MSVCRT:utility.obj
 0003:00003a00       ?module_local_atexit_table@@3U_onexit_table_t@@A 000000018013aa00     MSVCRT:utility.obj
 0003:00003a18       ?module_local_at_quick_exit_table@@3U_onexit_table_t@@A 000000018013aa18     MSVCRT:utility.obj
 0005:00000000       _2il0floatpacket$19        0000000180141000     MSVCRT:svml_ssinf4_sse2.obj
 0005:00002200       _vmlsSinHATab              0000000180143200     MSVCRT:svml_s_sin_cout.obj
 0006:000000a0       $R000000                   00000001801440a0     PhysXCommon.res
 0006:000003d0       $R000330                   00000001801443d0     PhysXCommon.res
